Component: ARM Compiler 5.06 update 7 (build 960) Tool: armlink [4d3601]

==============================================================================

Section Cross References

    main.o(i.HAL_TIM_PeriodElapsedCallback) refers to stm32f4xx_hal.o(i.HAL_IncTick) for HAL_IncTick
    main.o(i.SystemClock_Config) refers to rt_memclr_w.o(.text) for __aeabi_memclr4
    main.o(i.SystemClock_Config) refers to stm32f4xx_hal_rcc.o(i.HAL_RCC_OscConfig) for HAL_RCC_OscConfig
    main.o(i.SystemClock_Config) refers to stm32f4xx_hal_rcc.o(i.HAL_RCC_ClockConfig) for HAL_RCC_ClockConfig
    main.o(i.main) refers to stm32f4xx_hal.o(i.HAL_Init) for HAL_Init
    main.o(i.main) refers to main.o(i.SystemClock_Config) for SystemClock_Config
    main.o(i.main) refers to gpio.o(i.MX_GPIO_Init) for MX_GPIO_Init
    main.o(i.main) refers to dma.o(i.MX_DMA_Init) for MX_DMA_Init
    main.o(i.main) refers to can.o(i.MX_CAN1_Init) for MX_CAN1_Init
    main.o(i.main) refers to can.o(i.MX_CAN2_Init) for MX_CAN2_Init
    main.o(i.main) refers to spi.o(i.MX_SPI1_Init) for MX_SPI1_Init
    main.o(i.main) refers to usart.o(i.MX_USART3_UART_Init) for MX_USART3_UART_Init
    main.o(i.main) refers to usart.o(i.MX_USART6_UART_Init) for MX_USART6_UART_Init
    main.o(i.main) refers to tim.o(i.MX_TIM10_Init) for MX_TIM10_Init
    main.o(i.main) refers to freertos.o(i.MX_FREERTOS_Init) for MX_FREERTOS_Init
    main.o(i.main) refers to cmsis_os.o(i.osKernelStart) for osKernelStart
    gpio.o(i.MX_GPIO_Init) refers to rt_memclr_w.o(.text) for __aeabi_memclr4
    gpio.o(i.MX_GPIO_Init) refers to stm32f4xx_hal_gpio.o(i.HAL_GPIO_WritePin) for HAL_GPIO_WritePin
    gpio.o(i.MX_GPIO_Init) refers to stm32f4xx_hal_gpio.o(i.HAL_GPIO_Init) for HAL_GPIO_Init
    gpio.o(i.MX_GPIO_Init) refers to stm32f4xx_hal_cortex.o(i.HAL_NVIC_SetPriority) for HAL_NVIC_SetPriority
    gpio.o(i.MX_GPIO_Init) refers to stm32f4xx_hal_cortex.o(i.HAL_NVIC_EnableIRQ) for HAL_NVIC_EnableIRQ
    freertos.o(i.MX_FREERTOS_Init) refers to rt_memcpy_w.o(.text) for __aeabi_memcpy4
    freertos.o(i.MX_FREERTOS_Init) refers to cmsis_os.o(i.osThreadCreate) for osThreadCreate
    freertos.o(i.MX_FREERTOS_Init) refers to freertos.o(.constdata) for .constdata
    freertos.o(i.MX_FREERTOS_Init) refers to freertos.o(.data) for .data
    freertos.o(i.StartDefaultTask) refers to usb_device.o(i.MX_USB_DEVICE_Init) for MX_USB_DEVICE_Init
    freertos.o(i.StartDefaultTask) refers to cmsis_os.o(i.osDelay) for osDelay
    freertos.o(i.vApplicationGetIdleTaskMemory) refers to freertos.o(.bss) for .bss
    freertos.o(.constdata) refers to freertos.o(.conststring) for .conststring
    freertos.o(.constdata) refers to freertos.o(i.StartDefaultTask) for StartDefaultTask
    freertos.o(.constdata) refers to init_task.o(i.Init_Task) for Init_Task
    can.o(i.HAL_CAN_MspDeInit) refers to stm32f4xx_hal_gpio.o(i.HAL_GPIO_DeInit) for HAL_GPIO_DeInit
    can.o(i.HAL_CAN_MspDeInit) refers to stm32f4xx_hal_cortex.o(i.HAL_NVIC_DisableIRQ) for HAL_NVIC_DisableIRQ
    can.o(i.HAL_CAN_MspDeInit) refers to can.o(.data) for .data
    can.o(i.HAL_CAN_MspInit) refers to rt_memclr_w.o(.text) for __aeabi_memclr4
    can.o(i.HAL_CAN_MspInit) refers to stm32f4xx_hal_gpio.o(i.HAL_GPIO_Init) for HAL_GPIO_Init
    can.o(i.HAL_CAN_MspInit) refers to stm32f4xx_hal_cortex.o(i.HAL_NVIC_SetPriority) for HAL_NVIC_SetPriority
    can.o(i.HAL_CAN_MspInit) refers to stm32f4xx_hal_cortex.o(i.HAL_NVIC_EnableIRQ) for HAL_NVIC_EnableIRQ
    can.o(i.HAL_CAN_MspInit) refers to can.o(.data) for .data
    can.o(i.MX_CAN1_Init) refers to stm32f4xx_hal_can.o(i.HAL_CAN_Init) for HAL_CAN_Init
    can.o(i.MX_CAN1_Init) refers to main.o(i.Error_Handler) for Error_Handler
    can.o(i.MX_CAN1_Init) refers to can.o(.bss) for .bss
    can.o(i.MX_CAN2_Init) refers to stm32f4xx_hal_can.o(i.HAL_CAN_Init) for HAL_CAN_Init
    can.o(i.MX_CAN2_Init) refers to main.o(i.Error_Handler) for Error_Handler
    can.o(i.MX_CAN2_Init) refers to can.o(.bss) for .bss
    dma.o(i.MX_DMA_Init) refers to stm32f4xx_hal_cortex.o(i.HAL_NVIC_SetPriority) for HAL_NVIC_SetPriority
    dma.o(i.MX_DMA_Init) refers to stm32f4xx_hal_cortex.o(i.HAL_NVIC_EnableIRQ) for HAL_NVIC_EnableIRQ
    spi.o(i.HAL_SPI_MspDeInit) refers to stm32f4xx_hal_gpio.o(i.HAL_GPIO_DeInit) for HAL_GPIO_DeInit
    spi.o(i.HAL_SPI_MspDeInit) refers to stm32f4xx_hal_dma.o(i.HAL_DMA_DeInit) for HAL_DMA_DeInit
    spi.o(i.HAL_SPI_MspInit) refers to rt_memclr_w.o(.text) for __aeabi_memclr4
    spi.o(i.HAL_SPI_MspInit) refers to stm32f4xx_hal_gpio.o(i.HAL_GPIO_Init) for HAL_GPIO_Init
    spi.o(i.HAL_SPI_MspInit) refers to stm32f4xx_hal_dma.o(i.HAL_DMA_Init) for HAL_DMA_Init
    spi.o(i.HAL_SPI_MspInit) refers to main.o(i.Error_Handler) for Error_Handler
    spi.o(i.HAL_SPI_MspInit) refers to spi.o(.bss) for .bss
    spi.o(i.MX_SPI1_Init) refers to stm32f4xx_hal_spi.o(i.HAL_SPI_Init) for HAL_SPI_Init
    spi.o(i.MX_SPI1_Init) refers to main.o(i.Error_Handler) for Error_Handler
[...]
    OTG_HS_IRQHandler                        0x08000343   Thumb Code     0  startup_stm32f407xx.o(.text)
    OTG_HS_WKUP_IRQHandler                   0x08000343   Thumb Code     0  startup_stm32f407xx.o(.text)
    PVD_IRQHandler                           0x08000343   Thumb Code     0  startup_stm32f407xx.o(.text)
    RCC_IRQHandler                           0x08000343   Thumb Code     0  startup_stm32f407xx.o(.text)
    RTC_Alarm_IRQHandler                     0x08000343   Thumb Code     0  startup_stm32f407xx.o(.text)
    RTC_WKUP_IRQHandler                      0x08000343   Thumb Code     0  startup_stm32f407xx.o(.text)
    SDIO_IRQHandler                          0x08000343   Thumb Code     0  startup_stm32f407xx.o(.text)
    SPI1_IRQHandler                          0x08000343   Thumb Code     0  startup_stm32f407xx.o(.text)
    SPI2_IRQHandler                          0x08000343   Thumb Code     0  startup_stm32f407xx.o(.text)
    SPI3_IRQHandler                          0x08000343   Thumb Code     0  startup_stm32f407xx.o(.text)
    TAMP_STAMP_IRQHandler                    0x08000343   Thumb Code     0  startup_stm32f407xx.o(.text)
    TIM1_BRK_TIM9_IRQHandler                 0x08000343   Thumb Code     0  startup_stm32f407xx.o(.text)
    TIM1_CC_IRQHandler                       0x08000343   Thumb Code     0  startup_stm32f407xx.o(.text)
    TIM1_TRG_COM_TIM11_IRQHandler            0x08000343   Thumb Code     0  startup_stm32f407xx.o(.text)
    TIM2_IRQHandler                          0x08000343   Thumb Code     0  startup_stm32f407xx.o(.text)
    TIM3_IRQHandler                          0x08000343   Thumb Code     0  startup_stm32f407xx.o(.text)
    TIM4_IRQHandler                          0x08000343   Thumb Code     0  startup_stm32f407xx.o(.text)
    TIM5_IRQHandler                          0x08000343   Thumb Code     0  startup_stm32f407xx.o(.text)
    TIM6_DAC_IRQHandler                      0x08000343   Thumb Code     0  startup_stm32f407xx.o(.text)
    TIM7_IRQHandler                          0x08000343   Thumb Code     0  startup_stm32f407xx.o(.text)
    TIM8_BRK_TIM12_IRQHandler                0x08000343   Thumb Code     0  startup_stm32f407xx.o(.text)
    TIM8_CC_IRQHandler                       0x08000343   Thumb Code     0  startup_stm32f407xx.o(.text)
    TIM8_TRG_COM_TIM14_IRQHandler            0x08000343   Thumb Code     0  startup_stm32f407xx.o(.text)
    TIM8_UP_TIM13_IRQHandler                 0x08000343   Thumb Code     0  startup_stm32f407xx.o(.text)
    UART4_IRQHandler                         0x08000343   Thumb Code     0  startup_stm32f407xx.o(.text)
    UART5_IRQHandler                         0x08000343   Thumb Code     0  startup_stm32f407xx.o(.text)
    USART1_IRQHandler                        0x08000343   Thumb Code     0  startup_stm32f407xx.o(.text)
    USART2_IRQHandler                        0x08000343   Thumb Code     0  startup_stm32f407xx.o(.text)
    WWDG_IRQHandler                          0x08000343   Thumb Code     0  startup_stm32f407xx.o(.text)
    __user_initial_stackheap                 0x08000345   Thumb Code     0  startup_stm32f407xx.o(.text)
    __aeabi_uldivmod                         0x08000369   Thumb Code     0  lludivv7m.o(.text)
    _ll_udiv                                 0x08000369   Thumb Code   238  lludivv7m.o(.text)
    __aeabi_memcpy4                          0x08000457   Thumb Code     0  rt_memcpy_w.o(.text)
    __aeabi_memcpy8                          0x08000457   Thumb Code     0  rt_memcpy_w.o(.text)
    __rt_memcpy_w                            0x08000457   Thumb Code   100  rt_memcpy_w.o(.text)
    _memcpy_lastbytes_aligned                0x0800049f   Thumb Code     0  rt_memcpy_w.o(.text)
    __aeabi_memclr4                          0x080004bb   Thumb Code     0  rt_memclr_w.o(.text)
    __aeabi_memclr8                          0x080004bb   Thumb Code     0  rt_memclr_w.o(.text)
    __rt_memclr_w                            0x080004bb   Thumb Code    78  rt_memclr_w.o(.text)
    _memset_w                                0x080004bf   Thumb Code     0  rt_memclr_w.o(.text)
    __use_two_region_memory                  0x08000509   Thumb Code     2  heapauxi.o(.text)
    __rt_heap_escrow$2region                 0x0800050b   Thumb Code     2  heapauxi.o(.text)
    __rt_heap_expand$2region                 0x0800050d   Thumb Code     2  heapauxi.o(.text)
    __user_setup_stackheap                   0x0800050f   Thumb Code    74  sys_stackheap_outer.o(.text)
    exit                                     0x08000559   Thumb Code    18  exit.o(.text)
    __user_libspace                          0x0800056d   Thumb Code     8  libspace.o(.text)
    __user_perproc_libspace                  0x0800056d   Thumb Code     0  libspace.o(.text)
    __user_perthread_libspace                0x0800056d   Thumb Code     0  libspace.o(.text)
    _sys_exit                                0x08000575   Thumb Code     8  sys_exit.o(.text)
    __I$use$semihosting                      0x08000581   Thumb Code     0  use_no_semi.o(.text)
    __use_no_semihosting_swi                 0x08000581   Thumb Code     2  use_no_semi.o(.text)
    BusFault_Handler                         0x08000583   Thumb Code     2  stm32f4xx_it.o(i.BusFault_Handler)
    __semihosting_library_function           0x08000583   Thumb Code     0  indicate_semi.o(.text)
    CAN1_RX0_IRQHandler                      0x08000585   Thumb Code     6  stm32f4xx_it.o(i.CAN1_RX0_IRQHandler)
    CAN1_filter_config                       0x08000591   Thumb Code    52  can1_receive.o(i.CAN1_filter_config)
    CAN2_RX0_IRQHandler                      0x080005c9   Thumb Code     6  stm32f4xx_it.o(i.CAN2_RX0_IRQHandler)
    CAN2_filter_config                       0x080005d5   Thumb Code    56  can2_receive.o(i.CAN2_filter_config)
    Chassis_Work                             0x08000659   Thumb Code     2  chassis_app.o(i.Chassis_Work)
    DMA1_Stream1_IRQHandler                  0x0800065d   Thumb Code     6  stm32f4xx_it.o(i.DMA1_Stream1_IRQHandler)
    DMA2_Stream0_IRQHandler                  0x08000669   Thumb Code     6  stm32f4xx_it.o(i.DMA2_Stream0_IRQHandler)
    DMA2_Stream1_IRQHandler                  0x08000675   Thumb Code     6  stm32f4xx_it.o(i.DMA2_Stream1_IRQHandler)
    DMA2_Stream3_IRQHandler                  0x08000681   Thumb Code     6  stm32f4xx_it.o(i.DMA2_Stream3_IRQHandler)
    DMA2_Stream6_IRQHandler                  0x0800068d   Thumb Code     6  stm32f4xx_it.o(i.DMA2_Stream6_IRQHandler)
    DebugMon_Handler                         0x08000715   Thumb Code     2  stm32f4xx_it.o(i.DebugMon_Handler)
    EXTI4_IRQHandler                         0x08000717   Thumb Code     6  stm32f4xx_it.o(i.EXTI4_IRQHandler)
    EXTI9_5_IRQHandler                       0x0800071d   Thumb Code     6  stm32f4xx_it.o(i.EXTI9_5_IRQHandler)
    Error_Handler                            0x08000723   Thumb Code     4  main.o(i.Error_Handler)
    HAL_CAN_ActivateNotification             0x08000727   Thumb Code    36  stm32f4xx_hal_can.o(i.HAL_CAN_ActivateNotification)
    HAL_CAN_ConfigFilter                     0x0800074d   Thumb Code   262  stm32f4xx_hal_can.o(i.HAL_CAN_ConfigFilter)
    HAL_CAN_ErrorCallback                    0x08000859   Thumb Code     2  stm32f4xx_hal_can.o(i.HAL_CAN_ErrorCallback)
    HAL_CAN_GetRxMessage                     0x0800085b   Thumb Code   232  stm32f4xx_hal_can.o(i.HAL_CAN_GetRxMessage)
    HAL_CAN_IRQHandler                       0x08000943   Thumb Code   508  stm32f4xx_hal_can.o(i.HAL_CAN_IRQHandler)
    HAL_CAN_Init                             0x08000b3f   Thumb Code   282  stm32f4xx_hal_can.o(i.HAL_CAN_Init)
    HAL_CAN_MspInit                          0x08000c59   Thumb Code   226  can.o(i.HAL_CAN_MspInit)
    HAL_CAN_RxFifo0FullCallback              0x08000d55   Thumb Code     2  stm32f4xx_hal_can.o(i.HAL_CAN_RxFifo0FullCallback)
    HAL_CAN_RxFifo0MsgPendingCallback        0x08000d59   Thumb Code    34  can1_receive.o(i.HAL_CAN_RxFifo0MsgPendingCallback)
    HAL_CAN_RxFifo1FullCallback              0x08000d85   Thumb Code     2  stm32f4xx_hal_can.o(i.HAL_CAN_RxFifo1FullCallback)
    HAL_CAN_RxFifo1MsgPendingCallback        0x08000d87   Thumb Code     2  stm32f4xx_hal_can.o(i.HAL_CAN_RxFifo1MsgPendingCallback)
    HAL_CAN_SleepCallback                    0x08000d89   Thumb Code     2  stm32f4xx_hal_can.o(i.HAL_CAN_SleepCallback)
    HAL_CAN_Start                            0x08000d8d   Thumb Code    88  stm32f4xx_hal_can.o(i.HAL_CAN_Start)
    HAL_CAN_TxMailbox0AbortCallback          0x08000de5   Thumb Code     2  stm32f4xx_hal_can.o(i.HAL_CAN_TxMailbox0AbortCallback)
    HAL_CAN_TxMailbox0CompleteCallback       0x08000de7   Thumb Code     2  stm32f4xx_hal_can.o(i.HAL_CAN_TxMailbox0CompleteCallback)
    HAL_CAN_TxMailbox1AbortCallback          0x08000de9   Thumb Code     2  stm32f4xx_hal_can.o(i.HAL_CAN_TxMailbox1AbortCallback)
    HAL_CAN_TxMailbox1CompleteCallback       0x08000deb   Thumb Code     2  stm32f4xx_hal_can.o(i.HAL_CAN_TxMailbox1CompleteCallback)
    HAL_CAN_TxMailbox2AbortCallback          0x08000ded   Thumb Code     2  stm32f4xx_hal_can.o(i.HAL_CAN_TxMailbox2AbortCallback)
    HAL_CAN_TxMailbox2CompleteCallback       0x08000def   Thumb Code     2  stm32f4xx_hal_can.o(i.HAL_CAN_TxMailbox2CompleteCallback)
    HAL_CAN_WakeUpFromRxMsgCallback          0x08000df1   Thumb Code     2  stm32f4xx_hal_can.o(i.HAL_CAN_WakeUpFromRxMsgCallback)
    HAL_DMA_Abort                            0x08000df3   Thumb Code   146  stm32f4xx_hal_dma.o(i.HAL_DMA_Abort)
    HAL_DMA_Abort_IT                         0x08000e85   Thumb Code    36  stm32f4xx_hal_dma.o(i.HAL_DMA_Abort_IT)
    HAL_DMA_IRQHandler                       0x08000ea9   Thumb Code   412  stm32f4xx_hal_dma.o(i.HAL_DMA_IRQHandler)
    HAL_DMA_Init                             0x08001049   Thumb Code   206  stm32f4xx_hal_dma.o(i.HAL_DMA_Init)
    HAL_Delay                                0x0800111d   Thumb Code    32  stm32f4xx_hal.o(i.HAL_Delay)
    HAL_GPIO_EXTI_Callback                   0x08001141   Thumb Code     2  stm32f4xx_hal_gpio.o(i.HAL_GPIO_EXTI_Callback)
    HAL_GPIO_EXTI_IRQHandler                 0x08001145   Thumb Code    18  stm32f4xx_hal_gpio.o(i.HAL_GPIO_EXTI_IRQHandler)
    HAL_GPIO_Init                            0x0800115d   Thumb Code   450  stm32f4xx_hal_gpio.o(i.HAL_GPIO_Init)
    HAL_GPIO_WritePin                        0x0800134d   Thumb Code    10  stm32f4xx_hal_gpio.o(i.HAL_GPIO_WritePin)
    HAL_GetTick                              0x08001359   Thumb Code     6  stm32f4xx_hal.o(i.HAL_GetTick)
    HAL_IncTick                              0x08001365   Thumb Code    12  stm32f4xx_hal.o(i.HAL_IncTick)
    HAL_Init                                 0x08001375   Thumb Code    48  stm32f4xx_hal.o(i.HAL_Init)
    HAL_InitTick                             0x080013a9   Thumb Code   120  stm32f4xx_hal_timebase_tim.o(i.HAL_InitTick)
    HAL_MspInit                              0x08001435   Thumb Code    52  stm32f4xx_hal_msp.o(i.HAL_MspInit)
    HAL_NVIC_EnableIRQ                       0x0800146d   Thumb Code    26  stm32f4xx_hal_cortex.o(i.HAL_NVIC_EnableIRQ)
    HAL_NVIC_SetPriority                     0x08001489   Thumb Code    60  stm32f4xx_hal_cortex.o(i.HAL_NVIC_SetPriority)
    HAL_NVIC_SetPriorityGrouping             0x080014c9   Thumb Code    26  stm32f4xx_hal_cortex.o(i.HAL_NVIC_SetPriorityGrouping)
    HAL_PCDEx_LPM_Callback                   0x080014ed   Thumb Code     2  stm32f4xx_hal_pcd_ex.o(i.HAL_PCDEx_LPM_Callback)
    HAL_PCDEx_SetRxFiFo                      0x080014ef   Thumb Code     8  stm32f4xx_hal_pcd_ex.o(i.HAL_PCDEx_SetRxFiFo)
    HAL_PCDEx_SetTxFiFo                      0x080014f7   Thumb Code    68  stm32f4xx_hal_pcd_ex.o(i.HAL_PCDEx_SetTxFiFo)
    HAL_PCD_ConnectCallback                  0x0800153b   Thumb Code     8  usbd_conf.o(i.HAL_PCD_ConnectCallback)
    HAL_PCD_DataInStageCallback              0x08001543   Thumb Code    18  usbd_conf.o(i.HAL_PCD_DataInStageCallback)
    HAL_PCD_DataOutStageCallback             0x08001555   Thumb Code    20  usbd_conf.o(i.HAL_PCD_DataOutStageCallback)
    HAL_PCD_DisconnectCallback               0x08001569   Thumb Code     8  usbd_conf.o(i.HAL_PCD_DisconnectCallback)
    HAL_PCD_EP_Abort                         0x08001571   Thumb Code    30  stm32f4xx_hal_pcd.o(i.HAL_PCD_EP_Abort)
    HAL_PCD_EP_Close                         0x0800158f   Thumb Code    76  stm32f4xx_hal_pcd.o(i.HAL_PCD_EP_Close)
    HAL_PCD_EP_ClrStall                      0x080015db   Thumb Code    92  stm32f4xx_hal_pcd.o(i.HAL_PCD_EP_ClrStall)
    HAL_PCD_EP_GetRxCount                    0x08001637   Thumb Code    18  stm32f4xx_hal_pcd.o(i.HAL_PCD_EP_GetRxCount)
    HAL_PCD_EP_Open                          0x08001649   Thumb Code    96  stm32f4xx_hal_pcd.o(i.HAL_PCD_EP_Open)
    HAL_PCD_EP_Receive                       0x080016a9   Thumb Code    72  stm32f4xx_hal_pcd.o(i.HAL_PCD_EP_Receive)
    HAL_PCD_EP_SetStall                      0x080016f1   Thumb Code   116  stm32f4xx_hal_pcd.o(i.HAL_PCD_EP_SetStall)
    HAL_PCD_EP_Transmit                      0x08001765   Thumb Code    64  stm32f4xx_hal_pcd.o(i.HAL_PCD_EP_Transmit)
    HAL_PCD_IRQHandler                       0x080017a5   Thumb Code  1376  stm32f4xx_hal_pcd.o(i.HAL_PCD_IRQHandler)
    HAL_PCD_ISOINIncompleteCallback          0x08001d05   Thumb Code     8  usbd_conf.o(i.HAL_PCD_ISOINIncompleteCallback)
    HAL_PCD_ISOOUTIncompleteCallback         0x08001d0d   Thumb Code     8  usbd_conf.o(i.HAL_PCD_ISOOUTIncompleteCallback)
    HAL_PCD_Init                             0x08001d15   Thumb Code   226  stm32f4xx_hal_pcd.o(i.HAL_PCD_Init)
    HAL_PCD_MspInit                          0x08001df9   Thumb Code   122  usbd_conf.o(i.HAL_PCD_MspInit)
    HAL_PCD_ResetCallback                    0x08001e7d   Thumb Code    44  usbd_conf.o(i.HAL_PCD_ResetCallback)
    HAL_PCD_ResumeCallback                   0x08001ea9   Thumb Code     8  usbd_conf.o(i.HAL_PCD_ResumeCallback)
    HAL_PCD_SOFCallback                      0x08001eb1   Thumb Code     8  usbd_conf.o(i.HAL_PCD_SOFCallback)
    HAL_PCD_SetAddress                       0x08001eb9   Thumb Code    40  stm32f4xx_hal_pcd.o(i.HAL_PCD_SetAddress)
    HAL_PCD_SetupStageCallback               0x08001ee1   Thumb Code    14  usbd_conf.o(i.HAL_PCD_SetupStageCallback)
    HAL_PCD_Start                            0x08001eef   Thumb Code    66  stm32f4xx_hal_pcd.o(i.HAL_PCD_Start)
    HAL_PCD_SuspendCallback                  0x08001f31   Thumb Code    44  usbd_conf.o(i.HAL_PCD_SuspendCallback)
    HAL_RCC_ClockConfig                      0x08001f61   Thumb Code   288  stm32f4xx_hal_rcc.o(i.HAL_RCC_ClockConfig)
    HAL_RCC_GetClockConfig                   0x08002095   Thumb Code    54  stm32f4xx_hal_rcc.o(i.HAL_RCC_GetClockConfig)
    HAL_RCC_GetHCLKFreq                      0x080020d5   Thumb Code     6  stm32f4xx_hal_rcc.o(i.HAL_RCC_GetHCLKFreq)
    HAL_RCC_GetPCLK1Freq                     0x080020e1   Thumb Code    20  stm32f4xx_hal_rcc.o(i.HAL_RCC_GetPCLK1Freq)
    HAL_RCC_GetPCLK2Freq                     0x08002101   Thumb Code    20  stm32f4xx_hal_rcc.o(i.HAL_RCC_GetPCLK2Freq)
    HAL_RCC_GetSysClockFreq                  0x08002121   Thumb Code    88  stm32f4xx_hal_rcc.o(i.HAL_RCC_GetSysClockFreq)
    HAL_RCC_OscConfig                        0x08002185   Thumb Code   856  stm32f4xx_hal_rcc.o(i.HAL_RCC_OscConfig)
    HAL_SPI_Init                             0x080024f1   Thumb Code   188  stm32f4xx_hal_spi.o(i.HAL_SPI_Init)
    HAL_SPI_MspInit                          0x080025ad   Thumb Code   226  spi.o(i.HAL_SPI_MspInit)
    HAL_TIMEx_BreakCallback                  0x080026a9   Thumb Code     2  stm32f4xx_hal_tim_ex.o(i.HAL_TIMEx_BreakCallback)
    HAL_TIMEx_CommutCallback                 0x080026ab   Thumb Code     2  stm32f4xx_hal_tim_ex.o(i.HAL_TIMEx_CommutCallback)
    HAL_TIM_Base_Init                        0x080026ad   Thumb Code    90  stm32f4xx_hal_tim.o(i.HAL_TIM_Base_Init)
    HAL_TIM_Base_MspInit                     0x08002709   Thumb Code    50  tim.o(i.HAL_TIM_Base_MspInit)
    HAL_TIM_Base_Start_IT                    0x08002745   Thumb Code   100  stm32f4xx_hal_tim.o(i.HAL_TIM_Base_Start_IT)
    HAL_TIM_IC_CaptureCallback               0x080027c5   Thumb Code     2  stm32f4xx_hal_tim.o(i.HAL_TIM_IC_CaptureCallback)
    HAL_TIM_IRQHandler                       0x080027c7   Thumb Code   358  stm32f4xx_hal_tim.o(i.HAL_TIM_IRQHandler)
    HAL_TIM_MspPostInit                      0x0800292d   Thumb Code    70  tim.o(i.HAL_TIM_MspPostInit)
    HAL_TIM_OC_DelayElapsedCallback          0x08002981   Thumb Code     2  stm32f4xx_hal_tim.o(i.HAL_TIM_OC_DelayElapsedCallback)
    HAL_TIM_PWM_ConfigChannel                0x08002983   Thumb Code   204  stm32f4xx_hal_tim.o(i.HAL_TIM_PWM_ConfigChannel)
    HAL_TIM_PWM_Init                         0x08002a4f   Thumb Code    90  stm32f4xx_hal_tim.o(i.HAL_TIM_PWM_Init)
    HAL_TIM_PWM_MspInit                      0x08002aa9   Thumb Code     2  stm32f4xx_hal_tim.o(i.HAL_TIM_PWM_MspInit)
    HAL_TIM_PWM_PulseFinishedCallback        0x08002aab   Thumb Code     2  stm32f4xx_hal_tim.o(i.HAL_TIM_PWM_PulseFinishedCallback)
    HAL_TIM_PeriodElapsedCallback            0x08002aad   Thumb Code    14  main.o(i.HAL_TIM_PeriodElapsedCallback)
    HAL_TIM_TriggerCallback                  0x08002ac1   Thumb Code     2  stm32f4xx_hal_tim.o(i.HAL_TIM_TriggerCallback)
    HAL_UARTEx_RxEventCallback               0x08002ac3   Thumb Code     2  stm32f4xx_hal_uart.o(i.HAL_UARTEx_RxEventCallback)
    HAL_UART_ErrorCallback                   0x08002ac5   Thumb Code     2  stm32f4xx_hal_uart.o(i.HAL_UART_ErrorCallback)
    HAL_UART_IRQHandler                      0x08002ac9   Thumb Code   610  stm32f4xx_hal_uart.o(i.HAL_UART_IRQHandler)
    HAL_UART_Init                            0x08002d31   Thumb Code    98  stm32f4xx_hal_uart.o(i.HAL_UART_Init)
    HAL_UART_MspInit                         0x08002d95   Thumb Code   332  usart.o(i.HAL_UART_MspInit)
    HAL_UART_RxCpltCallback                  0x08002f01   Thumb Code     2  stm32f4xx_hal_uart.o(i.HAL_UART_RxCpltCallback)
    HAL_UART_TxCpltCallback                  0x08002f03   Thumb Code     2  stm32f4xx_hal_uart.o(i.HAL_UART_TxCpltCallback)
    HardFault_Handler                        0x08002f05   Thumb Code     2  stm32f4xx_it.o(i.HardFault_Handler)
    Init_Task                                0x08002f09   Thumb Code    64  init_task.o(i.Init_Task)
    MX_CAN1_Init                             0x08002f8d   Thumb Code    62  can.o(i.MX_CAN1_Init)
    MX_CAN2_Init                             0x08002fd5   Thumb Code    62  can.o(i.MX_CAN2_Init)
    MX_DMA_Init                              0x0800301d   Thumb Code   120  dma.o(i.MX_DMA_Init)
    MX_FREERTOS_Init                         0x08003099   Thumb Code    52  freertos.o(i.MX_FREERTOS_Init)
    MX_GPIO_Init                             0x080030d5   Thumb Code   282  gpio.o(i.MX_GPIO_Init)
    MX_SPI1_Init                             0x08003201   Thumb Code    64  spi.o(i.MX_SPI1_Init)
    MX_TIM10_Init                            0x08003249   Thumb Code    96  tim.o(i.MX_TIM10_Init)
    MX_USART3_UART_Init                      0x080032b1   Thumb Code    50  usart.o(i.MX_USART3_UART_Init)
    MX_USART6_UART_Init                      0x080032f1   Thumb Code    48  usart.o(i.MX_USART6_UART_Init)
    MX_USB_DEVICE_Init                       0x08003329   Thumb Code    66  usb_device.o(i.MX_USB_DEVICE_Init)
    MemManage_Handler                        0x0800337d   Thumb Code     2  stm32f4xx_it.o(i.MemManage_Handler)
    NMI_Handler                              0x0800337f   Thumb Code     2  stm32f4xx_it.o(i.NMI_Handler)
    OTG_FS_IRQHandler                        0x08003381   Thumb Code     6  stm32f4xx_it.o(i.OTG_FS_IRQHandler)
    RC_Init                                  0x080034fd   Thumb Code    84  rc.o(i.RC_Init)
    Safe_Task                                0x08003569   Thumb Code    18  task_safe.o(i.Safe_Task)
    StartDefaultTask                         0x08003581   Thumb Code    12  freertos.o(i.StartDefaultTask)
    SysTick_Handler                          0x0800358d   Thumb Code    38  port.o(i.SysTick_Handler)
    SystemClock_Config                       0x080035b9   Thumb Code   140  main.o(i.SystemClock_Config)
    SystemInit                               0x0800364d   Thumb Code    12  system_stm32f4xx.o(i.SystemInit)
    TIM1_UP_TIM10_IRQHandler                 0x0800365d   Thumb Code    18  stm32f4xx_it.o(i.TIM1_UP_TIM10_IRQHandler)
    TIM_Base_SetConfig                       0x08003679   Thumb Code   156  stm32f4xx_hal_tim.o(i.TIM_Base_SetConfig)
    TIM_OC2_SetConfig                        0x080037a1   Thumb Code    98  stm32f4xx_hal_tim.o(i.TIM_OC2_SetConfig)
    Task_Chassis                             0x080038c5   Thumb Code    66  chassis_task.o(i.Task_Chassis)
    USART3_IRQHandler                        0x08003b39   Thumb Code    18  stm32f4xx_it.o(i.USART3_IRQHandler)
    USART6_IRQHandler                        0x08003b51   Thumb Code     6  stm32f4xx_it.o(i.USART6_IRQHandler)
    USBD_CDC_GetDeviceQualifierDescriptor    0x08003cd9   Thumb Code     8  usbd_cdc.o(i.USBD_CDC_GetDeviceQualifierDescriptor)
    USBD_CDC_ReceivePacket                   0x08003eb5   Thumb Code    50  usbd_cdc.o(i.USBD_CDC_ReceivePacket)
    USBD_CDC_RegisterInterface               0x08003eed   Thumb Code    22  usbd_cdc.o(i.USBD_CDC_RegisterInterface)
    USBD_CDC_SetRxBuffer                     0x08003f03   Thumb Code    26  usbd_cdc.o(i.USBD_CDC_SetRxBuffer)
    USBD_CDC_SetTxBuffer                     0x08003f1d   Thumb Code    30  usbd_cdc.o(i.USBD_CDC_SetTxBuffer)
    USBD_ClrClassConfig                      0x0800400f   Thumb Code    20  usbd_core.o(i.USBD_ClrClassConfig)
    USBD_CoreFindEP                          0x08004023   Thumb Code     4  usbd_core.o(i.USBD_CoreFindEP)
    USBD_CoreFindIF                          0x08004027   Thumb Code     4  usbd_core.o(i.USBD_CoreFindIF)
    USBD_CtlContinueRx                       0x0800402b   Thumb Code    16  usbd_ioreq.o(i.USBD_CtlContinueRx)
    USBD_CtlContinueSendData                 0x0800403b   Thumb Code    16  usbd_ioreq.o(i.USBD_CtlContinueSendData)
    USBD_CtlError                            0x0800404b   Thumb Code    22  usbd_ctlreq.o(i.USBD_CtlError)
    USBD_CtlPrepareRx                        0x08004061   Thumb Code    30  usbd_ioreq.o(i.USBD_CtlPrepareRx)
    USBD_CtlReceiveStatus                    0x0800407f   Thumb Code    22  usbd_ioreq.o(i.USBD_CtlReceiveStatus)
    USBD_CtlSendData                         0x08004095   Thumb Code    26  usbd_ioreq.o(i.USBD_CtlSendData)
    USBD_CtlSendStatus                       0x080040af   Thumb Code    22  usbd_ioreq.o(i.USBD_CtlSendStatus)
    USBD_FS_ConfigStrDescriptor              0x080040c5   Thumb Code    16  usbd_desc.o(i.USBD_FS_ConfigStrDescriptor)
    USBD_FS_DeviceDescriptor                 0x080040e5   Thumb Code     8  usbd_desc.o(i.USBD_FS_DeviceDescriptor)
    USBD_FS_InterfaceStrDescriptor           0x080040f1   Thumb Code    16  usbd_desc.o(i.USBD_FS_InterfaceStrDescriptor)
    USBD_FS_LangIDStrDescriptor              0x08004115   Thumb Code     8  usbd_desc.o(i.USBD_FS_LangIDStrDescriptor)
    USBD_FS_ManufacturerStrDescriptor        0x08004121   Thumb Code    16  usbd_desc.o(i.USBD_FS_ManufacturerStrDescriptor)
    USBD_FS_ProductStrDescriptor             0x08004149   Thumb Code    16  usbd_desc.o(i.USBD_FS_ProductStrDescriptor)
    USBD_FS_SerialStrDescriptor              0x08004175   Thumb Code    48  usbd_desc.o(i.USBD_FS_SerialStrDescriptor)
    USBD_GetEpDesc                           0x08004293   Thumb Code    58  usbd_core.o(i.USBD_GetEpDesc)
    USBD_GetNextDesc                         0x080042cd   Thumb Code    14  usbd_core.o(i.USBD_GetNextDesc)
    USBD_GetString                           0x080042db   Thumb Code    72  usbd_ctlreq.o(i.USBD_GetString)
    USBD_Get_USB_Status                      0x08004323   Thumb Code    24  usbd_conf.o(i.USBD_Get_USB_Status)
    USBD_Init                                0x0800433b   Thumb Code    38  usbd_core.o(i.USBD_Init)
    USBD_LL_ClearStallEP                     0x08004361   Thumb Code    18  usbd_conf.o(i.USBD_LL_ClearStallEP)
    USBD_LL_CloseEP                          0x08004373   Thumb Code    18  usbd_conf.o(i.USBD_LL_CloseEP)
    USBD_LL_DataInStage                      0x08004385   Thumb Code   182  usbd_core.o(i.USBD_LL_DataInStage)
    USBD_LL_DataOutStage                     0x0800443b   Thumb Code   142  usbd_core.o(i.USBD_LL_DataOutStage)
    USBD_LL_DevConnected                     0x080044c9   Thumb Code     4  usbd_core.o(i.USBD_LL_DevConnected)
    USBD_LL_DevDisconnected                  0x080044cd   Thumb Code    30  usbd_core.o(i.USBD_LL_DevDisconnected)
    USBD_LL_GetRxDataSize                    0x080044eb   Thumb Code     8  usbd_conf.o(i.USBD_LL_GetRxDataSize)
    USBD_LL_Init                             0x080044f5   Thumb Code    90  usbd_conf.o(i.USBD_LL_Init)
    USBD_LL_IsStallEP                        0x08004555   Thumb Code    32  usbd_conf.o(i.USBD_LL_IsStallEP)
    USBD_LL_IsoINIncomplete                  0x08004575   Thumb Code    40  usbd_core.o(i.USBD_LL_IsoINIncomplete)
    USBD_LL_IsoOUTIncomplete                 0x0800459d   Thumb Code    40  usbd_core.o(i.USBD_LL_IsoOUTIncomplete)
    USBD_LL_OpenEP                           0x080045c5   Thumb Code    24  usbd_conf.o(i.USBD_LL_OpenEP)
    USBD_LL_PrepareReceive                   0x080045dd   Thumb Code    18  usbd_conf.o(i.USBD_LL_PrepareReceive)
    USBD_LL_Reset                            0x080045ef   Thumb Code    92  usbd_core.o(i.USBD_LL_Reset)
    USBD_LL_Resume                           0x0800464b   Thumb Code    20  usbd_core.o(i.USBD_LL_Resume)
    USBD_LL_SOF                              0x0800465f   Thumb Code    26  usbd_core.o(i.USBD_LL_SOF)
    USBD_LL_SetSpeed                         0x08004679   Thumb Code     6  usbd_core.o(i.USBD_LL_SetSpeed)
    USBD_LL_SetUSBAddress                    0x0800467f   Thumb Code    18  usbd_conf.o(i.USBD_LL_SetUSBAddress)
    USBD_LL_SetupStage                       0x08004691   Thumb Code    96  usbd_core.o(i.USBD_LL_SetupStage)
    USBD_LL_StallEP                          0x080046f1   Thumb Code    18  usbd_conf.o(i.USBD_LL_StallEP)
    USBD_LL_Start                            0x08004703   Thumb Code    18  usbd_conf.o(i.USBD_LL_Start)
    USBD_LL_Suspend                          0x08004715   Thumb Code    18  usbd_core.o(i.USBD_LL_Suspend)
    USBD_LL_Transmit                         0x08004727   Thumb Code    18  usbd_conf.o(i.USBD_LL_Transmit)
    USBD_ParseSetupRequest                   0x08004739   Thumb Code    44  usbd_ctlreq.o(i.USBD_ParseSetupRequest)
    USBD_RegisterClass                       0x08004765   Thumb Code    58  usbd_core.o(i.USBD_RegisterClass)
    USBD_SetClassConfig                      0x0800479f   Thumb Code    20  usbd_core.o(i.USBD_SetClassConfig)
    USBD_Start                               0x0800486d   Thumb Code     4  usbd_core.o(i.USBD_Start)
    USBD_StdDevReq                           0x08004871   Thumb Code   300  usbd_ctlreq.o(i.USBD_StdDevReq)
    USBD_StdEPReq                            0x0800499d   Thumb Code   352  usbd_ctlreq.o(i.USBD_StdEPReq)
    USBD_StdItfReq                           0x08004afd   Thumb Code   114  usbd_ctlreq.o(i.USBD_StdItfReq)
    USBD_static_free                         0x08004b6f   Thumb Code     2  usbd_conf.o(i.USBD_static_free)
    USBD_static_malloc                       0x08004b71   Thumb Code     4  usbd_conf.o(i.USBD_static_malloc)
    USB_ActivateEndpoint                     0x08004b79   Thumb Code   122  stm32f4xx_ll_usb.o(i.USB_ActivateEndpoint)
    USB_ActivateSetup                        0x08004bf9   Thumb Code    28  stm32f4xx_ll_usb.o(i.USB_ActivateSetup)
    USB_CoreInit                             0x08004c15   Thumb Code   112  stm32f4xx_ll_usb.o(i.USB_CoreInit)
    USB_DeactivateEndpoint                   0x08004cc9   Thumb Code   194  stm32f4xx_ll_usb.o(i.USB_DeactivateEndpoint)
    USB_DevConnect                           0x08004d95   Thumb Code    28  stm32f4xx_ll_usb.o(i.USB_DevConnect)
    USB_DevDisconnect                        0x08004db1   Thumb Code    28  stm32f4xx_ll_usb.o(i.USB_DevDisconnect)
    USB_DevInit                              0x08004dcd   Thumb Code   362  stm32f4xx_ll_usb.o(i.USB_DevInit)
    USB_DisableGlobalInt                     0x08004f41   Thumb Code    12  stm32f4xx_ll_usb.o(i.USB_DisableGlobalInt)
    USB_EP0StartXfer                         0x08004f4d   Thumb Code   280  stm32f4xx_ll_usb.o(i.USB_EP0StartXfer)
    USB_EP0_OutStart                         0x08005069   Thumb Code    84  stm32f4xx_ll_usb.o(i.USB_EP0_OutStart)
    USB_EPClearStall                         0x080050c1   Thumb Code    88  stm32f4xx_ll_usb.o(i.USB_EPClearStall)
    USB_EPSetStall                           0x08005119   Thumb Code    88  stm32f4xx_ll_usb.o(i.USB_EPSetStall)
    USB_EPStartXfer                          0x08005171   Thumb Code   480  stm32f4xx_ll_usb.o(i.USB_EPStartXfer)
    USB_EPStopXfer                           0x08005355   Thumb Code   158  stm32f4xx_ll_usb.o(i.USB_EPStopXfer)
    USB_EnableGlobalInt                      0x080053f3   Thumb Code    12  stm32f4xx_ll_usb.o(i.USB_EnableGlobalInt)
    USB_FlushRxFifo                          0x08005401   Thumb Code    54  stm32f4xx_ll_usb.o(i.USB_FlushRxFifo)
    USB_FlushTxFifo                          0x0800543d   Thumb Code    58  stm32f4xx_ll_usb.o(i.USB_FlushTxFifo)
    USB_GetDevSpeed                          0x0800547d   Thumb Code    26  stm32f4xx_ll_usb.o(i.USB_GetDevSpeed)
    USB_GetMode                              0x08005497   Thumb Code     8  stm32f4xx_ll_usb.o(i.USB_GetMode)
    USB_ReadDevAllInEpInterrupt              0x0800549f   Thumb Code    14  stm32f4xx_ll_usb.o(i.USB_ReadDevAllInEpInterrupt)
    USB_ReadDevAllOutEpInterrupt             0x080054ad   Thumb Code    14  stm32f4xx_ll_usb.o(i.USB_ReadDevAllOutEpInterrupt)
    USB_ReadDevInEPInterrupt                 0x080054bb   Thumb Code    36  stm32f4xx_ll_usb.o(i.USB_ReadDevInEPInterrupt)
    USB_ReadDevOutEPInterrupt                0x080054df   Thumb Code    16  stm32f4xx_ll_usb.o(i.USB_ReadDevOutEPInterrupt)
    USB_ReadInterrupts                       0x080054ef   Thumb Code     8  stm32f4xx_ll_usb.o(i.USB_ReadInterrupts)
    USB_ReadPacket                           0x080054f7   Thumb Code    62  stm32f4xx_ll_usb.o(i.USB_ReadPacket)
    USB_SetCurrentMode                       0x08005535   Thumb Code    92  stm32f4xx_ll_usb.o(i.USB_SetCurrentMode)
    USB_SetDevAddress                        0x08005591   Thumb Code    34  stm32f4xx_ll_usb.o(i.USB_SetDevAddress)
    USB_SetTurnaroundTime                    0x080055b5   Thumb Code   158  stm32f4xx_ll_usb.o(i.USB_SetTurnaroundTime)
    USB_WritePacket                          0x0800569d   Thumb Code    40  stm32f4xx_ll_usb.o(i.USB_WritePacket)
    USER_UART_IRQHandler                     0x080056c5   Thumb Code   156  rc.o(i.USER_UART_IRQHandler)
    UsageFault_Handler                       0x08005779   Thumb Code     2  stm32f4xx_it.o(i.UsageFault_Handler)
    chassis_app_init                         0x0800579d   Thumb Code    34  chassis_app.o(i.chassis_app_init)
    chassis_can1_callback                    0x080057c9   Thumb Code   216  can1_receive.o(i.chassis_can1_callback)
    chassis_can2_callback                    0x080058ad   Thumb Code    68  can2_receive.o(i.chassis_can2_callback)
    get_chassis_motor_measure_point          0x08005901   Thumb Code    16  can1_receive.o(i.get_chassis_motor_measure_point)
    get_chassis_task_handle                  0x08005915   Thumb Code     4  chassis_app.o(i.get_chassis_task_handle)
    get_remote_control_point                 0x0800591d   Thumb Code     4  rc.o(i.get_remote_control_point)
    main                                     0x08005925   Thumb Code    50  main.o(i.main)
    osDelay                                  0x08005963   Thumb Code    14  cmsis_os.o(i.osDelay)
    osKernelStart                            0x08005971   Thumb Code    10  cmsis_os.o(i.osKernelStart)
    osThreadCreate                           0x0800597b   Thumb Code    84  cmsis_os.o(i.osThreadCreate)
    pvPortMalloc                             0x08005d1d   Thumb Code   216  heap_4.o(i.pvPortMalloc)
    pxPortInitialiseStack                    0x08005df9   Thumb Code    40  port.o(i.pxPortInitialiseStack)
    rc_deadline_limit                        0x08005e25   Thumb Code    14  rc.o(i.rc_deadline_limit)
    rc_lost_time_refresh                     0x08005e35   Thumb Code    14  rc.o(i.rc_lost_time_refresh)
    remote_control_init                      0x08005e49   Thumb Code    12  rc.o(i.remote_control_init)
    uxListRemove                             0x08005f3f   Thumb Code    38  list.o(i.uxListRemove)
    vApplicationGetIdleTaskMemory            0x08005f65   Thumb Code    16  freertos.o(i.vApplicationGetIdleTaskMemory)
    vListInitialise                          0x08005f79   Thumb Code    22  list.o(i.vListInitialise)
    vListInitialiseItem                      0x08005f8f   Thumb Code     6  list.o(i.vListInitialiseItem)
    vListInsert                              0x08005f95   Thumb Code    48  list.o(i.vListInsert)
    vListInsertEnd                           0x08005fc5   Thumb Code    24  list.o(i.vListInsertEnd)
    vPortEnterCritical                       0x08005fdd   Thumb Code    54  port.o(i.vPortEnterCritical)
    vPortExitCritical                        0x0800601d   Thumb Code    34  port.o(i.vPortExitCritical)
    vPortFree                                0x08006045   Thumb Code    94  heap_4.o(i.vPortFree)
    vPortSetupTimerInterrupt                 0x080060a9   Thumb Code    32  port.o(i.vPortSetupTimerInterrupt)
    vTaskDelay                               0x080060cd   Thumb Code    66  tasks.o(i.vTaskDelay)
    vTaskDelayUntil                          0x08006119   Thumb Code   132  tasks.o(i.vTaskDelayUntil)
    vTaskDelete                              0x080061a5   Thumb Code   158  tasks.o(i.vTaskDelete)
    vTaskStartScheduler                      0x08006251   Thumb Code    90  tasks.o(i.vTaskStartScheduler)
    vTaskSuspendAll                          0x080062bd   Thumb Code    10  tasks.o(i.vTaskSuspendAll)
    vTaskSwitchContext                       0x080062cd   Thumb Code    82  tasks.o(i.vTaskSwitchContext)
    xPortStartScheduler                      0x08006329   Thumb Code   222  port.o(i.xPortStartScheduler)
    xTaskCreate                              0x0800641d   Thumb Code    90  tasks.o(i.xTaskCreate)
    xTaskCreateStatic                        0x08006477   Thumb Code    86  tasks.o(i.xTaskCreateStatic)
    xTaskGetTickCount                        0x080064cd   Thumb Code     6  tasks.o(i.xTaskGetTickCount)
    xTaskIncrementTick                       0x080064d9   Thumb Code   194  tasks.o(i.xTaskIncrementTick)
    xTaskResumeAll                           0x080065a5   Thumb Code   182  tasks.o(i.xTaskResumeAll)
    _fp_init                                 0x08006669   Thumb Code    10  fpinit.o(x$fpl$fpinit)
    __fplib_config_fpu_vfp                   0x08006671   Thumb Code     0  fpinit.o(x$fpl$fpinit)
    __fplib_config_pureend_doubles           0x08006671   Thumb Code     0  fpinit.o(x$fpl$fpinit)
    AHBPrescTable                            0x080066ec   Data          16  system_stm32f4xx.o(.constdata)
    APBPrescTable                            0x080066fc   Data           8  system_stm32f4xx.o(.constdata)
    Region$$Table$$Base                      0x08006738   Number         0  anon$$obj.o(Region$$Table)
    Region$$Table$$Limit                     0x08006758   Number         0  anon$$obj.o(Region$$Table)
    defaultTaskHandle                        0x20000000   Data           4  freertos.o(.data)
    Init_TASKHandle                          0x20000004   Data           4  freertos.o(.data)
    Safe_TASKHandle                          0x2000000c   Data           4  init_task.o(.data)
    TASK_CHASSISHandle                       0x2000001c   Data           4  chassis_app.o(.data)
    FS_Desc                                  0x20000028   Data          28  usbd_desc.o(.data)
    USBD_LangIDDesc                          0x20000044   Data           4  usbd_desc.o(.data)
    USBD_FS_DeviceDesc                       0x20000048   Data          18  usbd_desc.o(.data)
    USBD_StringSerial                        0x2000005c   Data          26  usbd_desc.o(.data)
    USBD_Interface_fops_FS                   0x20000078   Data          20  usbd_cdc_if.o(.data)
    uwTickFreq                               0x2000008c   Data           1  stm32f4xx_hal.o(.data)
    uwTickPrio                               0x20000090   Data           4  stm32f4xx_hal.o(.data)
    uwTick                                   0x20000094   Data           4  stm32f4xx_hal.o(.data)
    SystemCoreClock                          0x20000098   Data           4  system_stm32f4xx.o(.data)
    pxCurrentTCB                             0x2000009c   Data           4  tasks.o(.data)
    USBD_CDC                                 0x2000015c   Data          56  usbd_cdc.o(.data)
    hcan1                                    0x200003e8   Data          40  can.o(.bss)
    hcan2                                    0x20000410   Data          40  can.o(.bss)
    hspi1                                    0x20000438   Data          88  spi.o(.bss)
    hdma_spi1_rx                             0x20000490   Data          96  spi.o(.bss)
    hdma_spi1_tx                             0x200004f0   Data          96  spi.o(.bss)
    htim10                                   0x20000550   Data          72  tim.o(.bss)
    huart3                                   0x20000598   Data          68  usart.o(.bss)
    huart6                                   0x200005dc   Data          68  usart.o(.bss)
    hdma_usart3_rx                           0x20000620   Data          96  usart.o(.bss)
    hdma_usart6_rx                           0x20000680   Data          96  usart.o(.bss)
    hdma_usart6_tx                           0x200006e0   Data          96  usart.o(.bss)
    htim1                                    0x20000740   Data          72  stm32f4xx_hal_timebase_tim.o(.bss)
    motor_chassis                            0x20000788   Data          96  can1_receive.o(.bss)
    motor_yaw                                0x20000840   Data          24  can2_receive.o(.bss)
    Chassis_Control                          0x20000864   Data         168  chassis_task.o(.bss)
    rc_ctrl                                  0x2000090c   Data          22  rc.o(.bss)
    sbus_rx_buf                              0x20000922   Data          72  rc.o(.bss)
    hUsbDeviceFS                             0x2000096c   Data         732  usb_device.o(.bss)
    USBD_StrDesc                             0x20000c48   Data         512  usbd_desc.o(.bss)
    UserRxBufferFS                           0x20000e48   Data        2048  usbd_cdc_if.o(.bss)
    UserTxBufferFS                           0x20001648   Data        2048  usbd_cdc_if.o(.bss)
    hpcd_USB_OTG_FS                          0x20002068   Data        1292  usbd_conf.o(.bss)
    __libspace_start                         0x20006264   Data          96  libspace.o(.bss)
    __temporary_stack_top$libspace           0x200062c4   Data           0  libspace.o(.bss)



==============================================================================

Memory Map of the image

  Image Entry point : 0x08000189

  Load Region LR_IROM1 (Base: 0x08000000, Size: 0x000068ec, Max: 0x00100000, ABSOLUTE, COMPRESSED[0x00006814])

    Execution Region ER_IROM1 (Exec base: 0x08000000, Load base: 0x08000000, Size: 0x00006758, Max: 0x00100000, ABSOLUTE)

    Exec Addr    Load Addr    Size         Type   Attr      Idx    E Section Name        Object

    0x08000000   0x08000000   0x00000188   Data   RO         1226    RESET               startup_stm32f407xx.o
    0x08000188   0x08000188   0x00000008   Code   RO         6985  * !!!main             c_w.l(__main.o)
    0x08000190   0x08000190   0x00000034   Code   RO         7158    !!!scatter          c_w.l(__scatter.o)
    0x080001c4   0x080001c4   0x0000005a   Code   RO         7156    !!dczerorl2         c_w.l(__dczerorl2.o)
    0x0800021e   0x0800021e   0x00000002   PAD
    0x08000220   0x08000220   0x0000001c   Code   RO         7160    !!handler_zi        c_w.l(__scatter_zi.o)
    0x0800023c   0x0800023c   0x00000002   Code   RO         7024    .ARM.Collect$$libinit$$00000000  c_w.l(libinit.o)
    0x0800023e   0x0800023e   0x00000004   Code   RO         7036    .ARM.Collect$$libinit$$00000001  c_w.l(libinit2.o)
    0x08000242   0x08000242   0x00000000   Code   RO         7039    .ARM.Collect$$libinit$$00000004  c_w.l(libinit2.o)
    0x08000242   0x08000242   0x00000000   Code   RO         7042    .ARM.Collect$$libinit$$0000000A  c_w.l(libinit2.o)
    0x08000242   0x08000242   0x00000000   Code   RO         7044    .ARM.Collect$$libinit$$0000000C  c_w.l(libinit2.o)
    0x08000242   0x08000242   0x00000000   Code   RO         7046    .ARM.Collect$$libinit$$0000000E  c_w.l(libinit2.o)
    0x08000242   0x08000242   0x00000000   Code   RO         7049    .ARM.Collect$$libinit$$00000011  c_w.l(libinit2.o)
    0x08000242   0x08000242   0x00000000   Code   RO         7051    .ARM.Collect$$libinit$$00000013  c_w.l(libinit2.o)
    0x08000242   0x08000242   0x00000000   Code   RO         7053    .ARM.Collect$$libinit$$00000015  c_w.l(libinit2.o)
    0x08000242   0x08000242   0x00000000   Code   RO         7055    .ARM.Collect$$libinit$$00000017  c_w.l(libinit2.o)
    0x08000242   0x08000242   0x00000000   Code   RO         7057    .ARM.Collect$$libinit$$00000019  c_w.l(libinit2.o)
    0x08000242   0x08000242   0x00000000   Code   RO         7059    .ARM.Collect$$libinit$$0000001B  c_w.l(libinit2.o)
    0x08000242   0x08000242   0x00000000   Code   RO         7061    .ARM.Collect$$libinit$$0000001D  c_w.l(libinit2.o)
    0x08000242   0x08000242   0x00000000   Code   RO         7063    .ARM.Collect$$libinit$$0000001F  c_w.l(libinit2.o)
    0x08000242   0x08000242   0x00000000   Code   RO         7065    .ARM.Collect$$libinit$$00000021  c_w.l(libinit2.o)
    0x08000242   0x08000242   0x00000000   Code   RO         7067    .ARM.Collect$$libinit$$00000023  c_w.l(libinit2.o)
    0x08000242   0x08000242   0x00000000   Code   RO         7069    .ARM.Collect$$libinit$$00000025  c_w.l(libinit2.o)
    0x08000242   0x08000242   0x00000000   Code   RO         7073    .ARM.Collect$$libinit$$0000002C  c_w.l(libinit2.o)
    0x08000242   0x08000242   0x00000000   Code   RO         7075    .ARM.Collect$$libinit$$0000002E  c_w.l(libinit2.o)
    0x08000242   0x08000242   0x00000000   Code   RO         7077    .ARM.Collect$$libinit$$00000030  c_w.l(libinit2.o)
    0x08000242   0x08000242   0x00000000   Code   RO         7079    .ARM.Collect$$libinit$$00000032  c_w.l(libinit2.o)
    0x08000242   0x08000242   0x00000002   Code   RO         7080    .ARM.Collect$$libinit$$00000033  c_w.l(libinit2.o)
    0x08000244   0x08000244   0x00000002   Code   RO         7111    .ARM.Collect$$libshutdown$$00000000  c_w.l(libshutdown.o)
    0x08000246   0x08000246   0x00000000   Code   RO         7137    .ARM.Collect$$libshutdown$$00000002  c_w.l(libshutdown2.o)
    0x08000246   0x08000246   0x00000000   Code   RO         7139    .ARM.Collect$$libshutdown$$00000004  c_w.l(libshutdown2.o)
    0x08000246   0x08000246   0x00000000   Code   RO         7141    .ARM.Collect$$libshutdown$$00000006  c_w.l(libshutdown2.o)
    0x08000246   0x08000246   0x00000000   Code   RO         7144    .ARM.Collect$$libshutdown$$00000009  c_w.l(libshutdown2.o)
    0x08000246   0x08000246   0x00000000   Code   RO         7147    .ARM.Collect$$libshutdown$$0000000C  c_w.l(libshutdown2.o)
    0x08000246   0x08000246   0x00000000   Code   RO         7149    .ARM.Collect$$libshutdown$$0000000E  c_w.l(libshutdown2.o)
    0x08000246   0x08000246   0x00000000   Code   RO         7152    .ARM.Collect$$libshutdown$$00000011  c_w.l(libshutdown2.o)
    0x08000246   0x08000246   0x00000002   Code   RO         7153    .ARM.Collect$$libshutdown$$00000012  c_w.l(libshutdown2.o)
    0x08000248   0x08000248   0x00000000   Code   RO         6987    .ARM.Collect$$rtentry$$00000000  c_w.l(__rtentry.o)
    0x08000248   0x08000248   0x00000000   Code   RO         6995    .ARM.Collect$$rtentry$$00000002  c_w.l(__rtentry2.o)
    0x08000248   0x08000248   0x00000006   Code   RO         7007    .ARM.Collect$$rtentry$$00000004  c_w.l(__rtentry4.o)
    0x0800024e   0x0800024e   0x00000000   Code   RO         6997    .ARM.Collect$$rtentry$$00000009  c_w.l(__rtentry2.o)
    0x0800024e   0x0800024e   0x00000004   Code   RO         6998    .ARM.Collect$$rtentry$$0000000A  c_w.l(__rtentry2.o)
    0x08000252   0x08000252   0x00000000   Code   RO         7000    .ARM.Collect$$rtentry$$0000000C  c_w.l(__rtentry2.o)
    0x08000252   0x08000252   0x00000008   Code   RO         7001    .ARM.Collect$$rtentry$$0000000D  c_w.l(__rtentry2.o)
    0x0800025a   0x0800025a   0x00000002   Code   RO         7028    .ARM.Collect$$rtexit$$00000000  c_w.l(rtexit.o)
    0x0800025c   0x0800025c   0x00000000   Code   RO         7084    .ARM.Collect$$rtexit$$00000002  c_w.l(rtexit2.o)
    0x0800025c   0x0800025c   0x00000004   Code   RO         7085    .ARM.Collect$$rtexit$$00000003  c_w.l(rtexit2.o)
    0x08000260   0x08000260   0x00000006   Code   RO         7086    .ARM.Collect$$rtexit$$00000004  c_w.l(rtexit2.o)
    0x08000266   0x08000266   0x00000002   PAD
    0x08000268   0x08000268   0x000000be   Code   RO         6496    .emb_text           port.o
    0x08000326   0x08000326   0x00000002   PAD
    0x08000328   0x08000328   0x00000040   Code   RO         1227    .text               startup_stm32f407xx.o
    0x08000368   0x08000368   0x000000ee   Code   RO         6973    .text               c_w.l(lludivv7m.o)
    0x08000456   0x08000456   0x00000064   Code   RO         6977    .text               c_w.l(rt_memcpy_w.o)
    0x080004ba   0x080004ba   0x0000004e   Code   RO         6981    .text               c_w.l(rt_memclr_w.o)
    0x08000508   0x08000508   0x00000006   Code   RO         6983    .text               c_w.l(heapauxi.o)
    0x0800050e   0x0800050e   0x0000004a   Code   RO         7011    .text               c_w.l(sys_stackheap_outer.o)
    0x08000558   0x08000558   0x00000012   Code   RO         7013    .text               c_w.l(exit.o)
    0x0800056a   0x0800056a   0x00000002   PAD
    0x0800056c   0x0800056c   0x00000008   Code   RO         7025    .text               c_w.l(libspace.o)
    0x08000574   0x08000574   0x0000000c   Code   RO         7081    .text               c_w.l(sys_exit.o)
    0x08000580   0x08000580   0x00000002   Code   RO         7100    .text               c_w.l(use_no_semi.o)
    0x08000582   0x08000582   0x00000000   Code   RO         7102    .text               c_w.l(indicate_semi.o)
    0x08000582   0x08000582   0x00000002   Code   RO          528    i.BusFault_Handler  stm32f4xx_it.o
    0x08000584   0x08000584   0x0000000c   Code   RO          529    i.CAN1_RX0_IRQHandler  stm32f4xx_it.o
    0x08000590   0x08000590   0x00000038   Code   RO          783    i.CAN1_filter_config  can1_receive.o
    0x080005c8   0x080005c8   0x0000000c   Code   RO          530    i.CAN2_RX0_IRQHandler  stm32f4xx_it.o
    0x080005d4   0x080005d4   0x0000003c   Code   RO          864    i.CAN2_filter_config  can2_receive.o
    0x08000610   0x08000610   0x00000004   Code   RO         1368    i.CDC_Control_FS    usbd_cdc_if.o
    0x08000614   0x08000614   0x00000004   Code   RO         1369    i.CDC_DeInit_FS     usbd_cdc_if.o
    0x08000618   0x08000618   0x00000024   Code   RO         1370    i.CDC_Init_FS       usbd_cdc_if.o
    0x0800063c   0x0800063c   0x00000018   Code   RO         1371    i.CDC_Receive_FS    usbd_cdc_if.o
    0x08000654   0x08000654   0x00000004   Code   RO         1372    i.CDC_TransmitCplt_FS  usbd_cdc_if.o
    0x08000658   0x08000658   0x00000002   Code   RO         1056    i.Chassis_Work      chassis_app.o
    0x0800065a   0x0800065a   0x00000002   PAD
    0x0800065c   0x0800065c   0x0000000c   Code   RO          531    i.DMA1_Stream1_IRQHandler  stm32f4xx_it.o
    0x08000668   0x08000668   0x0000000c   Code   RO          532    i.DMA2_Stream0_IRQHandler  stm32f4xx_it.o
    0x08000674   0x08000674   0x0000000c   Code   RO          533    i.DMA2_Stream1_IRQHandler  stm32f4xx_it.o
    0x08000680   0x08000680   0x0000000c   Code   RO          534    i.DMA2_Stream3_IRQHandler  stm32f4xx_it.o
    0x0800068c   0x0800068c   0x0000000c   Code   RO          535    i.DMA2_Stream6_IRQHandler  stm32f4xx_it.o
    0x08000698   0x08000698   0x00000028   Code   RO         2676    i.DMA_CalcBaseAndBitshift  stm32f4xx_hal_dma.o
    0x080006c0   0x080006c0   0x00000054   Code   RO         2677    i.DMA_CheckFifoParam  stm32f4xx_hal_dma.o
    0x08000714   0x08000714   0x00000002   Code   RO          536    i.DebugMon_Handler  stm32f4xx_it.o
    0x08000716   0x08000716   0x00000006   Code   RO          537    i.EXTI4_IRQHandler  stm32f4xx_it.o
    0x0800071c   0x0800071c   0x00000006   Code   RO          538    i.EXTI9_5_IRQHandler  stm32f4xx_it.o
    0x08000722   0x08000722   0x00000004   Code   RO            4    i.Error_Handler     main.o
    0x08000726   0x08000726   0x00000024   Code   RO         3350    i.HAL_CAN_ActivateNotification  stm32f4xx_hal_can.o
    0x0800074a   0x0800074a   0x00000002   PAD
    0x0800074c   0x0800074c   0x0000010c   Code   RO         3352    i.HAL_CAN_ConfigFilter  stm32f4xx_hal_can.o
    0x08000858   0x08000858   0x00000002   Code   RO         3355    i.HAL_CAN_ErrorCallback  stm32f4xx_hal_can.o
    0x0800085a   0x0800085a   0x000000e8   Code   RO         3358    i.HAL_CAN_GetRxMessage  stm32f4xx_hal_can.o
    0x08000942   0x08000942   0x000001fc   Code   RO         3362    i.HAL_CAN_IRQHandler  stm32f4xx_hal_can.o
    0x08000b3e   0x08000b3e   0x0000011a   Code   RO         3363    i.HAL_CAN_Init      stm32f4xx_hal_can.o
    0x08000c58   0x08000c58   0x000000fc   Code   RO          318    i.HAL_CAN_MspInit   can.o
    0x08000d54   0x08000d54   0x00000002   Code   RO         3370    i.HAL_CAN_RxFifo0FullCallback  stm32f4xx_hal_can.o
    0x08000d56   0x08000d56   0x00000002   PAD
    0x08000d58   0x08000d58   0x0000002c   Code   RO          784    i.HAL_CAN_RxFifo0MsgPendingCallback  can1_receive.o
    0x08000d84   0x08000d84   0x00000002   Code   RO         3372    i.HAL_CAN_RxFifo1FullCallback  stm32f4xx_hal_can.o
    0x08000d86   0x08000d86   0x00000002   Code   RO         3373    i.HAL_CAN_RxFifo1MsgPendingCallback  stm32f4xx_hal_can.o
    0x08000d88   0x08000d88   0x00000002   Code   RO         3374    i.HAL_CAN_SleepCallback  stm32f4xx_hal_can.o
    0x08000d8a   0x08000d8a   0x00000002   PAD
    0x08000d8c   0x08000d8c   0x00000058   Code   RO         3375    i.HAL_CAN_Start     stm32f4xx_hal_can.o
    0x08000de4   0x08000de4   0x00000002   Code   RO         3377    i.HAL_CAN_TxMailbox0AbortCallback  stm32f4xx_hal_can.o
    0x08000de6   0x08000de6   0x00000002   Code   RO         3378    i.HAL_CAN_TxMailbox0CompleteCallback  stm32f4xx_hal_can.o
    0x08000de8   0x08000de8   0x00000002   Code   RO         3379    i.HAL_CAN_TxMailbox1AbortCallback  stm32f4xx_hal_can.o
    0x08000dea   0x08000dea   0x00000002   Code   RO         3380    i.HAL_CAN_TxMailbox1CompleteCallback  stm32f4xx_hal_can.o
    0x08000dec   0x08000dec   0x00000002   Code   RO         3381    i.HAL_CAN_TxMailbox2AbortCallback  stm32f4xx_hal_can.o
    0x08000dee   0x08000dee   0x00000002   Code   RO         3382    i.HAL_CAN_TxMailbox2CompleteCallback  stm32f4xx_hal_can.o
    0x08000df0   0x08000df0   0x00000002   Code   RO         3384    i.HAL_CAN_WakeUpFromRxMsgCallback  stm32f4xx_hal_can.o
    0x08000df2   0x08000df2   0x00000092   Code   RO         2679    i.HAL_DMA_Abort     stm32f4xx_hal_dma.o
    0x08000e84   0x08000e84   0x00000024   Code   RO         2680    i.HAL_DMA_Abort_IT  stm32f4xx_hal_dma.o
    0x08000ea8   0x08000ea8   0x000001a0   Code   RO         2684    i.HAL_DMA_IRQHandler  stm32f4xx_hal_dma.o
    0x08001048   0x08001048   0x000000d4   Code   RO         2685    i.HAL_DMA_Init      stm32f4xx_hal_dma.o
    0x0800111c   0x0800111c   0x00000024   Code   RO         3098    i.HAL_Delay         stm32f4xx_hal.o
    0x08001140   0x08001140   0x00000002   Code   RO         2570    i.HAL_GPIO_EXTI_Callback  stm32f4xx_hal_gpio.o
    0x08001142   0x08001142   0x00000002   PAD
    0x08001144   0x08001144   0x00000018   Code   RO         2571    i.HAL_GPIO_EXTI_IRQHandler  stm32f4xx_hal_gpio.o
    0x0800115c   0x0800115c   0x000001f0   Code   RO         2572    i.HAL_GPIO_Init     stm32f4xx_hal_gpio.o
    0x0800134c   0x0800134c   0x0000000a   Code   RO         2576    i.HAL_GPIO_WritePin  stm32f4xx_hal_gpio.o
    0x08001356   0x08001356   0x00000002   PAD
    0x08001358   0x08001358   0x0000000c   Code   RO         3104    i.HAL_GetTick       stm32f4xx_hal.o
    0x08001364   0x08001364   0x00000010   Code   RO         3110    i.HAL_IncTick       stm32f4xx_hal.o
    0x08001374   0x08001374   0x00000034   Code   RO         3111    i.HAL_Init          stm32f4xx_hal.o
    0x080013a8   0x080013a8   0x0000008c   Code   RO          688    i.HAL_InitTick      stm32f4xx_hal_timebase_tim.o
    0x08001434   0x08001434   0x00000038   Code   RO          664    i.HAL_MspInit       stm32f4xx_hal_msp.o
    0x0800146c   0x0800146c   0x0000001a   Code   RO         2961    i.HAL_NVIC_EnableIRQ  stm32f4xx_hal_cortex.o
    0x08001486   0x08001486   0x00000002   PAD
    0x08001488   0x08001488   0x00000040   Code   RO         2967    i.HAL_NVIC_SetPriority  stm32f4xx_hal_cortex.o
    0x080014c8   0x080014c8   0x00000024   Code   RO         2968    i.HAL_NVIC_SetPriorityGrouping  stm32f4xx_hal_cortex.o
    0x080014ec   0x080014ec   0x00000002   Code   RO         1871    i.HAL_PCDEx_LPM_Callback  stm32f4xx_hal_pcd_ex.o
    0x080014ee   0x080014ee   0x00000008   Code   RO         1872    i.HAL_PCDEx_SetRxFiFo  stm32f4xx_hal_pcd_ex.o
    0x080014f6   0x080014f6   0x00000044   Code   RO         1873    i.HAL_PCDEx_SetTxFiFo  stm32f4xx_hal_pcd_ex.o
    0x0800153a   0x0800153a   0x00000008   Code   RO         1425    i.HAL_PCD_ConnectCallback  usbd_conf.o
    0x08001542   0x08001542   0x00000012   Code   RO         1426    i.HAL_PCD_DataInStageCallback  usbd_conf.o
    0x08001554   0x08001554   0x00000014   Code   RO         1427    i.HAL_PCD_DataOutStageCallback  usbd_conf.o
    0x08001568   0x08001568   0x00000008   Code   RO         1428    i.HAL_PCD_DisconnectCallback  usbd_conf.o
    0x08001570   0x08001570   0x0000001e   Code   RO         1641    i.HAL_PCD_EP_Abort  stm32f4xx_hal_pcd.o
    0x0800158e   0x0800158e   0x0000004c   Code   RO         1642    i.HAL_PCD_EP_Close  stm32f4xx_hal_pcd.o
    0x080015da   0x080015da   0x0000005c   Code   RO         1643    i.HAL_PCD_EP_ClrStall  stm32f4xx_hal_pcd.o
    0x08001636   0x08001636   0x00000012   Code   RO         1645    i.HAL_PCD_EP_GetRxCount  stm32f4xx_hal_pcd.o
    0x08001648   0x08001648   0x00000060   Code   RO         1646    i.HAL_PCD_EP_Open   stm32f4xx_hal_pcd.o
    0x080016a8   0x080016a8   0x00000048   Code   RO         1647    i.HAL_PCD_EP_Receive  stm32f4xx_hal_pcd.o
    0x080016f0   0x080016f0   0x00000074   Code   RO         1648    i.HAL_PCD_EP_SetStall  stm32f4xx_hal_pcd.o
    0x08001764   0x08001764   0x00000040   Code   RO         1649    i.HAL_PCD_EP_Transmit  stm32f4xx_hal_pcd.o
    0x080017a4   0x080017a4   0x00000560   Code   RO         1651    i.HAL_PCD_IRQHandler  stm32f4xx_hal_pcd.o
    0x08001d04   0x08001d04   0x00000008   Code   RO         1429    i.HAL_PCD_ISOINIncompleteCallback  usbd_conf.o
    0x08001d0c   0x08001d0c   0x00000008   Code   RO         1430    i.HAL_PCD_ISOOUTIncompleteCallback  usbd_conf.o
    0x08001d14   0x08001d14   0x000000e2   Code   RO         1654    i.HAL_PCD_Init      stm32f4xx_hal_pcd.o
    0x08001df6   0x08001df6   0x00000002   PAD
    0x08001df8   0x08001df8   0x00000084   Code   RO         1432    i.HAL_PCD_MspInit   usbd_conf.o
    0x08001e7c   0x08001e7c   0x0000002c   Code   RO         1433    i.HAL_PCD_ResetCallback  usbd_conf.o
    0x08001ea8   0x08001ea8   0x00000008   Code   RO         1434    i.HAL_PCD_ResumeCallback  usbd_conf.o
    0x08001eb0   0x08001eb0   0x00000008   Code   RO         1435    i.HAL_PCD_SOFCallback  usbd_conf.o
    0x08001eb8   0x08001eb8   0x00000028   Code   RO         1660    i.HAL_PCD_SetAddress  stm32f4xx_hal_pcd.o
    0x08001ee0   0x08001ee0   0x0000000e   Code   RO         1436    i.HAL_PCD_SetupStageCallback  usbd_conf.o
    0x08001eee   0x08001eee   0x00000042   Code   RO         1663    i.HAL_PCD_Start     stm32f4xx_hal_pcd.o
    0x08001f30   0x08001f30   0x00000030   Code   RO         1437    i.HAL_PCD_SuspendCallback  usbd_conf.o
    0x08001f60   0x08001f60   0x00000134   Code   RO         2218    i.HAL_RCC_ClockConfig  stm32f4xx_hal_rcc.o
    0x08002094   0x08002094   0x00000040   Code   RO         2222    i.HAL_RCC_GetClockConfig  stm32f4xx_hal_rcc.o
    0x080020d4   0x080020d4   0x0000000c   Code   RO         2223    i.HAL_RCC_GetHCLKFreq  stm32f4xx_hal_rcc.o
    0x080020e0   0x080020e0   0x00000020   Code   RO         2225    i.HAL_RCC_GetPCLK1Freq  stm32f4xx_hal_rcc.o
    0x08002100   0x08002100   0x00000020   Code   RO         2226    i.HAL_RCC_GetPCLK2Freq  stm32f4xx_hal_rcc.o
    0x08002120   0x08002120   0x00000064   Code   RO         2227    i.HAL_RCC_GetSysClockFreq  stm32f4xx_hal_rcc.o
    0x08002184   0x08002184   0x0000036c   Code   RO         2230    i.HAL_RCC_OscConfig  stm32f4xx_hal_rcc.o
    0x080024f0   0x080024f0   0x000000bc   Code   RO         3594    i.HAL_SPI_Init      stm32f4xx_hal_spi.o
    0x080025ac   0x080025ac   0x000000fc   Code   RO          391    i.HAL_SPI_MspInit   spi.o
    0x080026a8   0x080026a8   0x00000002   Code   RO         4611    i.HAL_TIMEx_BreakCallback  stm32f4xx_hal_tim_ex.o
    0x080026aa   0x080026aa   0x00000002   Code   RO         4612    i.HAL_TIMEx_CommutCallback  stm32f4xx_hal_tim_ex.o
    0x080026ac   0x080026ac   0x0000005a   Code   RO         3907    i.HAL_TIM_Base_Init  stm32f4xx_hal_tim.o
    0x08002706   0x08002706   0x00000002   PAD
    0x08002708   0x08002708   0x0000003c   Code   RO          433    i.HAL_TIM_Base_MspInit  tim.o
    0x08002744   0x08002744   0x00000080   Code   RO         3912    i.HAL_TIM_Base_Start_IT  stm32f4xx_hal_tim.o
    0x080027c4   0x080027c4   0x00000002   Code   RO         3941    i.HAL_TIM_IC_CaptureCallback  stm32f4xx_hal_tim.o
    0x080027c6   0x080027c6   0x00000166   Code   RO         3955    i.HAL_TIM_IRQHandler  stm32f4xx_hal_tim.o
    0x0800292c   0x0800292c   0x00000054   Code   RO          434    i.HAL_TIM_MspPostInit  tim.o
    0x08002980   0x08002980   0x00000002   Code   RO         3958    i.HAL_TIM_OC_DelayElapsedCallback  stm32f4xx_hal_tim.o
    0x08002982   0x08002982   0x000000cc   Code   RO         3979    i.HAL_TIM_PWM_ConfigChannel  stm32f4xx_hal_tim.o
    0x08002a4e   0x08002a4e   0x0000005a   Code   RO         3982    i.HAL_TIM_PWM_Init  stm32f4xx_hal_tim.o
    0x08002aa8   0x08002aa8   0x00000002   Code   RO         3984    i.HAL_TIM_PWM_MspInit  stm32f4xx_hal_tim.o
    0x08002aaa   0x08002aaa   0x00000002   Code   RO         3985    i.HAL_TIM_PWM_PulseFinishedCallback  stm32f4xx_hal_tim.o
    0x08002aac   0x08002aac   0x00000014   Code   RO            5    i.HAL_TIM_PeriodElapsedCallback  main.o
    0x08002ac0   0x08002ac0   0x00000002   Code   RO         3998    i.HAL_TIM_TriggerCallback  stm32f4xx_hal_tim.o
    0x08002ac2   0x08002ac2   0x00000002   Code   RO         4889    i.HAL_UARTEx_RxEventCallback  stm32f4xx_hal_uart.o
    0x08002ac4   0x08002ac4   0x00000002   Code   RO         4903    i.HAL_UART_ErrorCallback  stm32f4xx_hal_uart.o
    0x08002ac6   0x08002ac6   0x00000002   PAD
    0x08002ac8   0x08002ac8   0x00000268   Code   RO         4906    i.HAL_UART_IRQHandler  stm32f4xx_hal_uart.o
    0x08002d30   0x08002d30   0x00000062   Code   RO         4907    i.HAL_UART_Init     stm32f4xx_hal_uart.o
    0x08002d92   0x08002d92   0x00000002   PAD
    0x08002d94   0x08002d94   0x0000016c   Code   RO          481    i.HAL_UART_MspInit  usart.o
    0x08002f00   0x08002f00   0x00000002   Code   RO         4913    i.HAL_UART_RxCpltCallback  stm32f4xx_hal_uart.o
    0x08002f02   0x08002f02   0x00000002   Code   RO         4918    i.HAL_UART_TxCpltCallback  stm32f4xx_hal_uart.o
    0x08002f04   0x08002f04   0x00000002   Code   RO          539    i.HardFault_Handler  stm32f4xx_it.o
    0x08002f06   0x08002f06   0x00000002   PAD
    0x08002f08   0x08002f08   0x0000004c   Code   RO          941    i.Init_Task         init_task.o
    0x08002f54   0x08002f54   0x00000038   Code   RO         1282    i.IntToUnicode      usbd_desc.o
    0x08002f8c   0x08002f8c   0x00000048   Code   RO          319    i.MX_CAN1_Init      can.o
    0x08002fd4   0x08002fd4   0x00000048   Code   RO          320    i.MX_CAN2_Init      can.o
    0x0800301c   0x0800301c   0x0000007c   Code   RO          366    i.MX_DMA_Init       dma.o
    0x08003098   0x08003098   0x0000003c   Code   RO          267    i.MX_FREERTOS_Init  freertos.o
    0x080030d4   0x080030d4   0x0000012c   Code   RO          243    i.MX_GPIO_Init      gpio.o
    0x08003200   0x08003200   0x00000048   Code   RO          392    i.MX_SPI1_Init      spi.o
    0x08003248   0x08003248   0x00000068   Code   RO          435    i.MX_TIM10_Init     tim.o
    0x080032b0   0x080032b0   0x00000040   Code   RO          482    i.MX_USART3_UART_Init  usart.o
    0x080032f0   0x080032f0   0x00000038   Code   RO          483    i.MX_USART6_UART_Init  usart.o
    0x08003328   0x08003328   0x00000054   Code   RO         1234    i.MX_USB_DEVICE_Init  usb_device.o
    0x0800337c   0x0800337c   0x00000002   Code   RO          540    i.MemManage_Handler  stm32f4xx_it.o
    0x0800337e   0x0800337e   0x00000002   Code   RO          541    i.NMI_Handler       stm32f4xx_it.o
    0x08003380   0x08003380   0x0000000c   Code   RO          542    i.OTG_FS_IRQHandler  stm32f4xx_it.o
    0x0800338c   0x0800338c   0x000000cc   Code   RO         1667    i.PCD_EP_OutXfrComplete_int  stm32f4xx_hal_pcd.o
    0x08003458   0x08003458   0x000000a2   Code   RO         1668    i.PCD_WriteEmptyTxFifo  stm32f4xx_hal_pcd.o
    0x080034fa   0x080034fa   0x00000002   PAD
    0x080034fc   0x080034fc   0x00000060   Code   RO         1118    i.RC_Init           rc.o
    0x0800355c   0x0800355c   0x0000000a   Code   RO         6735    i.SWAPBYTE          usbd_ctlreq.o
    0x08003566   0x08003566   0x00000002   PAD
    0x08003568   0x08003568   0x00000018   Code   RO         1031    i.Safe_Task         task_safe.o
    0x08003580   0x08003580   0x0000000c   Code   RO          268    i.StartDefaultTask  freertos.o
    0x0800358c   0x0800358c   0x0000002c   Code   RO         6497    i.SysTick_Handler   port.o
    0x080035b8   0x080035b8   0x00000094   Code   RO            6    i.SystemClock_Config  main.o
    0x0800364c   0x0800364c   0x00000010   Code   RO         5236    i.SystemInit        system_stm32f4xx.o
    0x0800365c   0x0800365c   0x0000001c   Code   RO          543    i.TIM1_UP_TIM10_IRQHandler  stm32f4xx_it.o
    0x08003678   0x08003678   0x000000c8   Code   RO         4000    i.TIM_Base_SetConfig  stm32f4xx_hal_tim.o
    0x08003740   0x08003740   0x00000060   Code   RO         4013    i.TIM_OC1_SetConfig  stm32f4xx_hal_tim.o
    0x080037a0   0x080037a0   0x0000006c   Code   RO         4014    i.TIM_OC2_SetConfig  stm32f4xx_hal_tim.o
    0x0800380c   0x0800380c   0x00000068   Code   RO         4015    i.TIM_OC3_SetConfig  stm32f4xx_hal_tim.o
    0x08003874   0x08003874   0x00000050   Code   RO         4016    i.TIM_OC4_SetConfig  stm32f4xx_hal_tim.o
    0x080038c4   0x080038c4   0x00000048   Code   RO          998    i.Task_Chassis      chassis_task.o
    0x0800390c   0x0800390c   0x00000010   Code   RO         4920    i.UART_DMAAbortOnError  stm32f4xx_hal_uart.o
    0x0800391c   0x0800391c   0x0000004e   Code   RO         4930    i.UART_EndRxTransfer  stm32f4xx_hal_uart.o
    0x0800396a   0x0800396a   0x000000c0   Code   RO         4932    i.UART_Receive_IT   stm32f4xx_hal_uart.o
    0x08003a2a   0x08003a2a   0x00000002   PAD
    0x08003a2c   0x08003a2c   0x0000010c   Code   RO         4933    i.UART_SetConfig    stm32f4xx_hal_uart.o
    0x08003b38   0x08003b38   0x00000018   Code   RO          544    i.USART3_IRQHandler  stm32f4xx_it.o
    0x08003b50   0x08003b50   0x0000000c   Code   RO          545    i.USART6_IRQHandler  stm32f4xx_it.o
    0x08003b5c   0x08003b5c   0x00000076   Code   RO         6868    i.USBD_CDC_DataIn   usbd_cdc.o
    0x08003bd2   0x08003bd2   0x0000003c   Code   RO         6869    i.USBD_CDC_DataOut  usbd_cdc.o
    0x08003c0e   0x08003c0e   0x00000002   PAD
    0x08003c10   0x08003c10   0x00000090   Code   RO         6870    i.USBD_CDC_DeInit   usbd_cdc.o
    0x08003ca0   0x08003ca0   0x00000036   Code   RO         6871    i.USBD_CDC_EP0_RxReady  usbd_cdc.o
    0x08003cd6   0x08003cd6   0x00000002   PAD
    0x08003cd8   0x08003cd8   0x0000000c   Code   RO         6872    i.USBD_CDC_GetDeviceQualifierDescriptor  usbd_cdc.o
    0x08003ce4   0x08003ce4   0x0000003c   Code   RO         6873    i.USBD_CDC_GetFSCfgDesc  usbd_cdc.o
    0x08003d20   0x08003d20   0x00000040   Code   RO         6874    i.USBD_CDC_GetHSCfgDesc  usbd_cdc.o
    0x08003d60   0x08003d60   0x0000003c   Code   RO         6875    i.USBD_CDC_GetOtherSpeedCfgDesc  usbd_cdc.o
    0x08003d9c   0x08003d9c   0x00000118   Code   RO         6876    i.USBD_CDC_Init     usbd_cdc.o
    0x08003eb4   0x08003eb4   0x00000038   Code   RO         6877    i.USBD_CDC_ReceivePacket  usbd_cdc.o
    0x08003eec   0x08003eec   0x00000016   Code   RO         6878    i.USBD_CDC_RegisterInterface  usbd_cdc.o
    0x08003f02   0x08003f02   0x0000001a   Code   RO         6879    i.USBD_CDC_SetRxBuffer  usbd_cdc.o
    0x08003f1c   0x08003f1c   0x0000001e   Code   RO         6880    i.USBD_CDC_SetTxBuffer  usbd_cdc.o
    0x08003f3a   0x08003f3a   0x000000d4   Code   RO         6881    i.USBD_CDC_Setup    usbd_cdc.o
    0x0800400e   0x0800400e   0x00000014   Code   RO         6576    i.USBD_ClrClassConfig  usbd_core.o
    0x08004022   0x08004022   0x00000004   Code   RO         6577    i.USBD_CoreFindEP   usbd_core.o
    0x08004026   0x08004026   0x00000004   Code   RO         6578    i.USBD_CoreFindIF   usbd_core.o
    0x0800402a   0x0800402a   0x00000010   Code   RO         6808    i.USBD_CtlContinueRx  usbd_ioreq.o
    0x0800403a   0x0800403a   0x00000010   Code   RO         6809    i.USBD_CtlContinueSendData  usbd_ioreq.o
    0x0800404a   0x0800404a   0x00000016   Code   RO         6736    i.USBD_CtlError     usbd_ctlreq.o
    0x08004060   0x08004060   0x0000001e   Code   RO         6810    i.USBD_CtlPrepareRx  usbd_ioreq.o
    0x0800407e   0x0800407e   0x00000016   Code   RO         6811    i.USBD_CtlReceiveStatus  usbd_ioreq.o
    0x08004094   0x08004094   0x0000001a   Code   RO         6812    i.USBD_CtlSendData  usbd_ioreq.o
    0x080040ae   0x080040ae   0x00000016   Code   RO         6813    i.USBD_CtlSendStatus  usbd_ioreq.o
    0x080040c4   0x080040c4   0x00000020   Code   RO         1283    i.USBD_FS_ConfigStrDescriptor  usbd_desc.o
    0x080040e4   0x080040e4   0x0000000c   Code   RO         1284    i.USBD_FS_DeviceDescriptor  usbd_desc.o
    0x080040f0   0x080040f0   0x00000024   Code   RO         1285    i.USBD_FS_InterfaceStrDescriptor  usbd_desc.o
    0x08004114   0x08004114   0x0000000c   Code   RO         1286    i.USBD_FS_LangIDStrDescriptor  usbd_desc.o
    0x08004120   0x08004120   0x00000028   Code   RO         1287    i.USBD_FS_ManufacturerStrDescriptor  usbd_desc.o
    0x08004148   0x08004148   0x0000002c   Code   RO         1288    i.USBD_FS_ProductStrDescriptor  usbd_desc.o
    0x08004174   0x08004174   0x00000038   Code   RO         1289    i.USBD_FS_SerialStrDescriptor  usbd_desc.o
    0x080041ac   0x080041ac   0x000000e6   Code   RO         6737    i.USBD_GetDescriptor  usbd_ctlreq.o
    0x08004292   0x08004292   0x0000003a   Code   RO         6580    i.USBD_GetEpDesc    usbd_core.o
    0x080042cc   0x080042cc   0x0000000e   Code   RO         6581    i.USBD_GetNextDesc  usbd_core.o
    0x080042da   0x080042da   0x00000048   Code   RO         6738    i.USBD_GetString    usbd_ctlreq.o
    0x08004322   0x08004322   0x00000018   Code   RO         1438    i.USBD_Get_USB_Status  usbd_conf.o
    0x0800433a   0x0800433a   0x00000026   Code   RO         6582    i.USBD_Init         usbd_core.o
    0x08004360   0x08004360   0x00000012   Code   RO         1439    i.USBD_LL_ClearStallEP  usbd_conf.o
    0x08004372   0x08004372   0x00000012   Code   RO         1440    i.USBD_LL_CloseEP   usbd_conf.o
    0x08004384   0x08004384   0x000000b6   Code   RO         6583    i.USBD_LL_DataInStage  usbd_core.o
    0x0800443a   0x0800443a   0x0000008e   Code   RO         6584    i.USBD_LL_DataOutStage  usbd_core.o
    0x080044c8   0x080044c8   0x00000004   Code   RO         6585    i.USBD_LL_DevConnected  usbd_core.o
    0x080044cc   0x080044cc   0x0000001e   Code   RO         6586    i.USBD_LL_DevDisconnected  usbd_core.o
    0x080044ea   0x080044ea   0x00000008   Code   RO         1444    i.USBD_LL_GetRxDataSize  usbd_conf.o
    0x080044f2   0x080044f2   0x00000002   PAD
    0x080044f4   0x080044f4   0x00000060   Code   RO         1445    i.USBD_LL_Init      usbd_conf.o
    0x08004554   0x08004554   0x00000020   Code   RO         1446    i.USBD_LL_IsStallEP  usbd_conf.o
    0x08004574   0x08004574   0x00000028   Code   RO         6587    i.USBD_LL_IsoINIncomplete  usbd_core.o
    0x0800459c   0x0800459c   0x00000028   Code   RO         6588    i.USBD_LL_IsoOUTIncomplete  usbd_core.o
    0x080045c4   0x080045c4   0x00000018   Code   RO         1447    i.USBD_LL_OpenEP    usbd_conf.o
    0x080045dc   0x080045dc   0x00000012   Code   RO         1448    i.USBD_LL_PrepareReceive  usbd_conf.o
    0x080045ee   0x080045ee   0x0000005c   Code   RO         6589    i.USBD_LL_Reset     usbd_core.o
    0x0800464a   0x0800464a   0x00000014   Code   RO         6590    i.USBD_LL_Resume    usbd_core.o
    0x0800465e   0x0800465e   0x0000001a   Code   RO         6591    i.USBD_LL_SOF       usbd_core.o
    0x08004678   0x08004678   0x00000006   Code   RO         6592    i.USBD_LL_SetSpeed  usbd_core.o
    0x0800467e   0x0800467e   0x00000012   Code   RO         1449    i.USBD_LL_SetUSBAddress  usbd_conf.o
    0x08004690   0x08004690   0x00000060   Code   RO         6593    i.USBD_LL_SetupStage  usbd_core.o
    0x080046f0   0x080046f0   0x00000012   Code   RO         1450    i.USBD_LL_StallEP   usbd_conf.o
    0x08004702   0x08004702   0x00000012   Code   RO         1451    i.USBD_LL_Start     usbd_conf.o
    0x08004714   0x08004714   0x00000012   Code   RO         6594    i.USBD_LL_Suspend   usbd_core.o
    0x08004726   0x08004726   0x00000012   Code   RO         1453    i.USBD_LL_Transmit  usbd_conf.o
    0x08004738   0x08004738   0x0000002c   Code   RO         6739    i.USBD_ParseSetupRequest  usbd_ctlreq.o
    0x08004764   0x08004764   0x0000003a   Code   RO         6595    i.USBD_RegisterClass  usbd_core.o
    0x0800479e   0x0800479e   0x00000014   Code   RO         6597    i.USBD_SetClassConfig  usbd_core.o
    0x080047b2   0x080047b2   0x00000002   PAD
    0x080047b4   0x080047b4   0x000000b8   Code   RO         6740    i.USBD_SetConfig    usbd_ctlreq.o
    0x0800486c   0x0800486c   0x00000004   Code   RO         6598    i.USBD_Start        usbd_core.o
    0x08004870   0x08004870   0x0000012c   Code   RO         6741    i.USBD_StdDevReq    usbd_ctlreq.o
    0x0800499c   0x0800499c   0x00000160   Code   RO         6742    i.USBD_StdEPReq     usbd_ctlreq.o
    0x08004afc   0x08004afc   0x00000072   Code   RO         6743    i.USBD_StdItfReq    usbd_ctlreq.o
    0x08004b6e   0x08004b6e   0x00000002   Code   RO         1454    i.USBD_static_free  usbd_conf.o
    0x08004b70   0x08004b70   0x00000008   Code   RO         1455    i.USBD_static_malloc  usbd_conf.o
    0x08004b78   0x08004b78   0x00000080   Code   RO         1913    i.USB_ActivateEndpoint  stm32f4xx_ll_usb.o
    0x08004bf8   0x08004bf8   0x0000001c   Code   RO         1915    i.USB_ActivateSetup  stm32f4xx_ll_usb.o
    0x08004c14   0x08004c14   0x00000074   Code   RO         1917    i.USB_CoreInit      stm32f4xx_ll_usb.o
    0x08004c88   0x08004c88   0x00000040   Code   RO         1918    i.USB_CoreReset     stm32f4xx_ll_usb.o
    0x08004cc8   0x08004cc8   0x000000cc   Code   RO         1921    i.USB_DeactivateEndpoint  stm32f4xx_ll_usb.o
    0x08004d94   0x08004d94   0x0000001c   Code   RO         1922    i.USB_DevConnect    stm32f4xx_ll_usb.o
    0x08004db0   0x08004db0   0x0000001c   Code   RO         1923    i.USB_DevDisconnect  stm32f4xx_ll_usb.o
    0x08004dcc   0x08004dcc   0x00000174   Code   RO         1924    i.USB_DevInit       stm32f4xx_ll_usb.o
    0x08004f40   0x08004f40   0x0000000c   Code   RO         1925    i.USB_DisableGlobalInt  stm32f4xx_ll_usb.o
    0x08004f4c   0x08004f4c   0x0000011c   Code   RO         1928    i.USB_EP0StartXfer  stm32f4xx_ll_usb.o
    0x08005068   0x08005068   0x00000058   Code   RO         1929    i.USB_EP0_OutStart  stm32f4xx_ll_usb.o
    0x080050c0   0x080050c0   0x00000058   Code   RO         1930    i.USB_EPClearStall  stm32f4xx_ll_usb.o
    0x08005118   0x08005118   0x00000058   Code   RO         1931    i.USB_EPSetStall    stm32f4xx_ll_usb.o
    0x08005170   0x08005170   0x000001e4   Code   RO         1932    i.USB_EPStartXfer   stm32f4xx_ll_usb.o
    0x08005354   0x08005354   0x0000009e   Code   RO         1933    i.USB_EPStopXfer    stm32f4xx_ll_usb.o
    0x080053f2   0x080053f2   0x0000000c   Code   RO         1934    i.USB_EnableGlobalInt  stm32f4xx_ll_usb.o
    0x080053fe   0x080053fe   0x00000002   PAD
    0x08005400   0x08005400   0x0000003c   Code   RO         1935    i.USB_FlushRxFifo   stm32f4xx_ll_usb.o
    0x0800543c   0x0800543c   0x00000040   Code   RO         1936    i.USB_FlushTxFifo   stm32f4xx_ll_usb.o
    0x0800547c   0x0800547c   0x0000001a   Code   RO         1938    i.USB_GetDevSpeed   stm32f4xx_ll_usb.o
    0x08005496   0x08005496   0x00000008   Code   RO         1940    i.USB_GetMode       stm32f4xx_ll_usb.o
    0x0800549e   0x0800549e   0x0000000e   Code   RO         1947    i.USB_ReadDevAllInEpInterrupt  stm32f4xx_ll_usb.o
    0x080054ac   0x080054ac   0x0000000e   Code   RO         1948    i.USB_ReadDevAllOutEpInterrupt  stm32f4xx_ll_usb.o
    0x080054ba   0x080054ba   0x00000024   Code   RO         1949    i.USB_ReadDevInEPInterrupt  stm32f4xx_ll_usb.o
    0x080054de   0x080054de   0x00000010   Code   RO         1950    i.USB_ReadDevOutEPInterrupt  stm32f4xx_ll_usb.o
    0x080054ee   0x080054ee   0x00000008   Code   RO         1951    i.USB_ReadInterrupts  stm32f4xx_ll_usb.o
    0x080054f6   0x080054f6   0x0000003e   Code   RO         1952    i.USB_ReadPacket    stm32f4xx_ll_usb.o
    0x08005534   0x08005534   0x0000005c   Code   RO         1954    i.USB_SetCurrentMode  stm32f4xx_ll_usb.o
    0x08005590   0x08005590   0x00000022   Code   RO         1955    i.USB_SetDevAddress  stm32f4xx_ll_usb.o
    0x080055b2   0x080055b2   0x00000002   PAD
    0x080055b4   0x080055b4   0x000000e8   Code   RO         1957    i.USB_SetTurnaroundTime  stm32f4xx_ll_usb.o
    0x0800569c   0x0800569c   0x00000028   Code   RO         1960    i.USB_WritePacket   stm32f4xx_ll_usb.o
    0x080056c4   0x080056c4   0x000000b4   Code   RO         1123    i.USER_UART_IRQHandler  rc.o
    0x08005778   0x08005778   0x00000002   Code   RO          546    i.UsageFault_Handler  stm32f4xx_it.o
    0x0800577a   0x0800577a   0x00000020   Code   RO         2974    i.__NVIC_SetPriority  stm32f4xx_hal_cortex.o
    0x0800579a   0x0800579a   0x00000002   PAD
    0x0800579c   0x0800579c   0x0000002c   Code   RO         1057    i.chassis_app_init  chassis_app.o
    0x080057c8   0x080057c8   0x000000e4   Code   RO          785    i.chassis_can1_callback  can1_receive.o
    0x080058ac   0x080058ac   0x00000054   Code   RO          865    i.chassis_can2_callback  can2_receive.o
    0x08005900   0x08005900   0x00000014   Code   RO          786    i.get_chassis_motor_measure_point  can1_receive.o
    0x08005914   0x08005914   0x00000008   Code   RO         1058    i.get_chassis_task_handle  chassis_app.o
    0x0800591c   0x0800591c   0x00000008   Code   RO         1125    i.get_remote_control_point  rc.o
    0x08005924   0x08005924   0x00000032   Code   RO            7    i.main              main.o
    0x08005956   0x08005956   0x0000000c   Code   RO         6062    i.makeFreeRtosPriority  cmsis_os.o
    0x08005962   0x08005962   0x0000000e   Code   RO         6064    i.osDelay           cmsis_os.o
    0x08005970   0x08005970   0x0000000a   Code   RO         6067    i.osKernelStart     cmsis_os.o
    0x0800597a   0x0800597a   0x00000054   Code   RO         6101    i.osThreadCreate    cmsis_os.o
    0x080059ce   0x080059ce   0x00000002   PAD
    0x080059d0   0x080059d0   0x00000070   Code   RO         5738    i.prvAddCurrentTaskToDelayedList  tasks.o
    0x08005a40   0x08005a40   0x000000d0   Code   RO         5739    i.prvAddNewTaskToReadyList  tasks.o
    0x08005b10   0x08005b10   0x00000034   Code   RO         5740    i.prvDeleteTCB      tasks.o
    0x08005b44   0x08005b44   0x0000004c   Code   RO         6429    i.prvHeapInit       heap_4.o
    0x08005b90   0x08005b90   0x00000060   Code   RO         5741    i.prvIdleTask       tasks.o
    0x08005bf0   0x08005bf0   0x00000098   Code   RO         5742    i.prvInitialiseNewTask  tasks.o
    0x08005c88   0x08005c88   0x0000004c   Code   RO         6430    i.prvInsertBlockIntoFreeList  heap_4.o
    0x08005cd4   0x08005cd4   0x00000020   Code   RO         5743    i.prvResetNextTaskUnblockTime  tasks.o
    0x08005cf4   0x08005cf4   0x00000028   Code   RO         6498    i.prvTaskExitError  port.o
    0x08005d1c   0x08005d1c   0x000000dc   Code   RO         6431    i.pvPortMalloc      heap_4.o
    0x08005df8   0x08005df8   0x0000002c   Code   RO         6499    i.pxPortInitialiseStack  port.o
    0x08005e24   0x08005e24   0x0000000e   Code   RO         1127    i.rc_deadline_limit  rc.o
    0x08005e32   0x08005e32   0x00000002   PAD
    0x08005e34   0x08005e34   0x00000014   Code   RO         1128    i.rc_lost_time_refresh  rc.o
    0x08005e48   0x08005e48   0x00000010   Code   RO         1129    i.remote_control_init  rc.o
    0x08005e58   0x08005e58   0x000000e6   Code   RO         1130    i.sbus_to_rc        rc.o
    0x08005f3e   0x08005f3e   0x00000026   Code   RO         5374    i.uxListRemove      list.o
    0x08005f64   0x08005f64   0x00000014   Code   RO          269    i.vApplicationGetIdleTaskMemory  freertos.o
    0x08005f78   0x08005f78   0x00000016   Code   RO         5375    i.vListInitialise   list.o
    0x08005f8e   0x08005f8e   0x00000006   Code   RO         5376    i.vListInitialiseItem  list.o
    0x08005f94   0x08005f94   0x00000030   Code   RO         5377    i.vListInsert       list.o
    0x08005fc4   0x08005fc4   0x00000018   Code   RO         5378    i.vListInsertEnd    list.o
    0x08005fdc   0x08005fdc   0x00000040   Code   RO         6501    i.vPortEnterCritical  port.o
    0x0800601c   0x0800601c   0x00000028   Code   RO         6502    i.vPortExitCritical  port.o
    0x08006044   0x08006044   0x00000064   Code   RO         6432    i.vPortFree         heap_4.o
    0x080060a8   0x080060a8   0x00000024   Code   RO         6503    i.vPortSetupTimerInterrupt  port.o
    0x080060cc   0x080060cc   0x0000004c   Code   RO         5752    i.vTaskDelay        tasks.o
    0x08006118   0x08006118   0x0000008c   Code   RO         5753    i.vTaskDelayUntil   tasks.o
    0x080061a4   0x080061a4   0x000000ac   Code   RO         5754    i.vTaskDelete       tasks.o
    0x08006250   0x08006250   0x0000006c   Code   RO         5766    i.vTaskStartScheduler  tasks.o
    0x080062bc   0x080062bc   0x00000010   Code   RO         5768    i.vTaskSuspendAll   tasks.o
    0x080062cc   0x080062cc   0x0000005c   Code   RO         5769    i.vTaskSwitchContext  tasks.o
    0x08006328   0x08006328   0x000000f4   Code   RO         6505    i.xPortStartScheduler  port.o
    0x0800641c   0x0800641c   0x0000005a   Code   RO         5772    i.xTaskCreate       tasks.o
    0x08006476   0x08006476   0x00000056   Code   RO         5773    i.xTaskCreateStatic  tasks.o
    0x080064cc   0x080064cc   0x0000000c   Code   RO         5778    i.xTaskGetTickCount  tasks.o
    0x080064d8   0x080064d8   0x000000cc   Code   RO         5780    i.xTaskIncrementTick  tasks.o
    0x080065a4   0x080065a4   0x000000c4   Code   RO         5786    i.xTaskResumeAll    tasks.o
    0x08006668   0x08006668   0x0000000a   Code   RO         7096    x$fpl$fpinit        fz_wm.l(fpinit.o)
    0x08006672   0x08006672   0x00000002   PAD
    0x08006674   0x08006674   0x00000038   Data   RO          271    .constdata          freertos.o
    0x080066ac   0x080066ac   0x0000001c   Data   RO          944    .constdata          init_task.o
    0x080066c8   0x080066c8   0x0000001c   Data   RO         1059    .constdata          chassis_app.o
    0x080066e4   0x080066e4   0x00000008   Data   RO         2691    .constdata          stm32f4xx_hal_dma.o
    0x080066ec   0x080066ec   0x00000010   Data   RO         5237    .constdata          system_stm32f4xx.o
    0x080066fc   0x080066fc   0x00000008   Data   RO         5238    .constdata          system_stm32f4xx.o
    0x08006704   0x08006704   0x00000018   Data   RO          272    .conststring        freertos.o
    0x0800671c   0x0800671c   0x0000000a   Data   RO          945    .conststring        init_task.o
    0x08006726   0x08006726   0x00000002   PAD
    0x08006728   0x08006728   0x0000000d   Data   RO         1060    .conststring        chassis_app.o
    0x08006735   0x08006735   0x00000003   PAD
    0x08006738   0x08006738   0x00000020   Data   RO         7154    Region$$Table       anon$$obj.o


    Execution Region RW_IRAM1 (Exec base: 0x20000000, Load base: 0x08006758, Size: 0x0000a2c8, Max: 0x0001c000, ABSOLUTE, COMPRESSED[0x000000bc])

    Exec Addr    Load Addr    Size         Type   Attr      Idx    E Section Name        Object

    0x20000000   COMPRESSED   0x00000008   Data   RW          273    .data               freertos.o
    0x20000008   COMPRESSED   0x00000004   Data   RW          322    .data               can.o
    0x2000000c   COMPRESSED   0x0000000c   Data   RW          946    .data               init_task.o
    0x20000018   COMPRESSED   0x00000004   Data   RW         1032    .data               task_safe.o
    0x2000001c   COMPRESSED   0x00000004   Data   RW         1061    .data               chassis_app.o
    0x20000020   COMPRESSED   0x00000008   Data   RW         1134    .data               rc.o
    0x20000028   COMPRESSED   0x0000001c   Data   RW         1291    .data               usbd_desc.o
    0x20000044   COMPRESSED   0x00000032   Data   RW         1292    .data               usbd_desc.o
    0x20000076   COMPRESSED   0x00000002   PAD
    0x20000078   COMPRESSED   0x00000014   Data   RW         1375    .data               usbd_cdc_if.o
    0x2000008c   COMPRESSED   0x0000000c   Data   RW         3118    .data               stm32f4xx_hal.o
    0x20000098   COMPRESSED   0x00000004   Data   RW         5239    .data               system_stm32f4xx.o
    0x2000009c   COMPRESSED   0x0000003c   Data   RW         5789    .data               tasks.o
    0x200000d8   COMPRESSED   0x00000020   Data   RW         6438    .data               heap_4.o
    0x200000f8   COMPRESSED   0x0000000c   Data   RW         6506    .data               port.o
    0x20000104   COMPRESSED   0x00000001   Data   RW         6744    .data               usbd_ctlreq.o
    0x20000105   COMPRESSED   0x00000003   PAD
    0x20000108   COMPRESSED   0x00000053   Data   RW         6883    .data               usbd_cdc.o
    0x2000015b   COMPRESSED   0x00000001   PAD
    0x2000015c   COMPRESSED   0x00000038   Data   RW         6884    .data               usbd_cdc.o
    0x20000194        -       0x00000254   Zero   RW          270    .bss                freertos.o
    0x200003e8        -       0x00000050   Zero   RW          321    .bss                can.o
    0x20000438        -       0x00000118   Zero   RW          393    .bss                spi.o
    0x20000550        -       0x00000048   Zero   RW          436    .bss                tim.o
    0x20000598        -       0x000001a8   Zero   RW          484    .bss                usart.o
    0x20000740        -       0x00000048   Zero   RW          691    .bss                stm32f4xx_hal_timebase_tim.o
    0x20000788        -       0x000000b8   Zero   RW          792    .bss                can1_receive.o
    0x20000840        -       0x00000024   Zero   RW          873    .bss                can2_receive.o
    0x20000864        -       0x000000a8   Zero   RW          999    .bss                chassis_task.o
    0x2000090c        -       0x0000005e   Zero   RW         1133    .bss                rc.o
    0x2000096a   COMPRESSED   0x00000002   PAD
    0x2000096c        -       0x000002dc   Zero   RW         1235    .bss                usb_device.o
    0x20000c48        -       0x00000200   Zero   RW         1290    .bss                usbd_desc.o
    0x20000e48        -       0x00001000   Zero   RW         1374    .bss                usbd_cdc_if.o
    0x20001e48        -       0x0000072c   Zero   RW         1456    .bss                usbd_conf.o
    0x20002574        -       0x000000f0   Zero   RW         5788    .bss                tasks.o
    0x20002664        -       0x00003c00   Zero   RW         6437    .bss                heap_4.o
    0x20006264        -       0x00000060   Zero   RW         7026    .bss                c_w.l(libspace.o)
    0x200062c4   COMPRESSED   0x00000004   PAD
    0x200062c8        -       0x00002000   Zero   RW         1225    HEAP                startup_stm32f407xx.o
    0x200082c8        -       0x00002000   Zero   RW         1224    STACK               startup_stm32f407xx.o


    Execution Region RW_IRAM2 (Exec base: 0x2001c000, Load base: 0x08006814, Size: 0x00000000, Max: 0x00004000, ABSOLUTE)

    **** No section assigned to this execution region ****


==============================================================================

Image component sizes


      Code (inc. data)   RO Data    RW Data    ZI Data      Debug   Object Name

       396         46          0          4         80       2402   can.o
       348         30          0          0        184       3363   can1_receive.o
       144         20          0          0         36       1983   can2_receive.o
        54         14         41          4          0       2057   chassis_app.o
        72          6          0          0        168       5741   chassis_task.o
       120          0          0          0          0      23161   cmsis_os.o
       124          4          0          0          0        814   dma.o
         0          0          0          0          0      16832   event_groups.o
        92         12         80          8        596       2490   freertos.o
       300         18          0          0          0       1083   gpio.o
       472         24          0         32      15360       7311   heap_4.o
        76         12         38         12          0       6060   init_task.o
       138          0          0          0          0       3454   list.o
       222         14          0          0          0     755636   main.o
       702         72          0         12          0      10820   port.o
       564         50          0          8         94       4676   rc.o
       324         34          0          0        280       1851   spi.o
        64         26        392          0      16384        796   startup_stm32f407xx.o
       116         18          0         12          0       8618   stm32f4xx_hal.o
      1438          6          0          0          0      12848   stm32f4xx_hal_can.o
       158         14          0          0          0      33086   stm32f4xx_hal_cortex.o
       934         16          8          0          0       5511   stm32f4xx_hal_dma.o
       532         52          0          0          0       3292   stm32f4xx_hal_gpio.o
        56          4          0          0          0        838   stm32f4xx_hal_msp.o
      2638         12          0          0          0      13480   stm32f4xx_hal_pcd.o
        78          0          0          0          0       2345   stm32f4xx_hal_pcd_ex.o
      1424         92          0          0          0       6257   stm32f4xx_hal_rcc.o
       188          0          0          0          0       1167   stm32f4xx_hal_spi.o
      1468        108          0          0          0      11834   stm32f4xx_hal_tim.o
         4          0          0          0          0       1553   stm32f4xx_hal_tim_ex.o
       140         20          0          0         72       1379   stm32f4xx_hal_timebase_tim.o
      1276         16          0          0          0       8156   stm32f4xx_hal_uart.o
       184         70          0          0          0       8762   stm32f4xx_it.o
      2888        134          0          0          0      23539   stm32f4xx_ll_usb.o
         0          0          0          0          0        392   stream_buffer.o
         0          0          0          0          0      13188   struct_variables.o
        16          4         24          4          0       1079   system_stm32f4xx.o
        24          6          0          4          0        492   task_safe.o
      1844        140          0         60        240      21778   tasks.o
       248         32          0          0         72       2246   tim.o
       484         54          0          0        424       2628   usart.o
        84         18          0          0        732       2575   usb_device.o
      1198         32          0        139          0      13327   usbd_cdc.o
        72         16          0         20       4096       3118   usbd_cdc_if.o
       644         24          0          0       1836      16404   usbd_conf.o
       916          0          0          0          0      15123   usbd_core.o
      1328         28          0          1          0      14724   usbd_ctlreq.o
       288        104          0         78        512       6033   usbd_desc.o
       132          0          0          0          0       4424   usbd_ioreq.o

    ----------------------------------------------------------------------
     25062       1402        620        404      41168    1110726   Object Totals
         0          0         32          0          0          0   (incl. Generated)
        50          0          5          6          2          0   (incl. Padding)

    ----------------------------------------------------------------------

      Code (inc. data)   RO Data    RW Data    ZI Data      Debug   Library Member Name

        90          0          0          0          0          0   __dczerorl2.o
         8          0          0          0          0         68   __main.o
         0          0          0          0          0          0   __rtentry.o
        12          0          0          0          0          0   __rtentry2.o
         6          0          0          0          0          0   __rtentry4.o
        52          8          0          0          0          0   __scatter.o
        28          0          0          0          0          0   __scatter_zi.o
        18          0          0          0          0         80   exit.o
         6          0          0          0          0        152   heapauxi.o
         0          0          0          0          0          0   indicate_semi.o
         2          0          0          0          0          0   libinit.o
         6          0          0          0          0          0   libinit2.o
         2          0          0          0          0          0   libshutdown.o
         2          0          0          0          0          0   libshutdown2.o
         8          4          0          0         96         68   libspace.o
       238          0          0          0          0        100   lludivv7m.o
        78          0          0          0          0         80   rt_memclr_w.o
       100          0          0          0          0         80   rt_memcpy_w.o
         2          0          0          0          0          0   rtexit.o
        10          0          0          0          0          0   rtexit2.o
        12          4          0          0          0         68   sys_exit.o
        74          0          0          0          0         80   sys_stackheap_outer.o
         2          0          0          0          0         68   use_no_semi.o
        10          0          0          0          0        116   fpinit.o

    ----------------------------------------------------------------------
       774         16          0          0        100        960   Library Totals
         8          0          0          0          4          0   (incl. Padding)

    ----------------------------------------------------------------------

      Code (inc. data)   RO Data    RW Data    ZI Data      Debug   Library Name

       756         16          0          0         96        844   c_w.l
        10          0          0          0          0        116   fz_wm.l

    ----------------------------------------------------------------------
       774         16          0          0        100        960   Library Totals

    ----------------------------------------------------------------------

==============================================================================


      Code (inc. data)   RO Data    RW Data    ZI Data      Debug   

     25836       1418        620        404      41268    1081374   Grand Totals
     25836       1418        620        188      41268    1081374   ELF Image Totals (compressed)
     25836       1418        620        188          0          0   ROM Totals

==============================================================================

    Total RO  Size (Code + RO Data)                26456 (  25.84kB)
    Total RW  Size (RW Data + ZI Data)             41672 (  40.70kB)
    Total ROM Size (Code + RO Data + RW Data)      26644 (  26.02kB)

==============================================================================

